
 Start         Length     Name                   Class
 0001:00000000 00041FE8H .text                   CODE
 0002:00000000 00000188H .data                   DATA
 0002:00000188 000002D9H .bss                    BSS


Detailed map of segments

 0001:00000000 00000316 C=CODE     S=.text    G=(none)   M=System   ACBP=A9
 0001:00000318 000001EC C=CODE     S=.text    G=(none)   M=SysInit  ACBP=A9
 0001:00000504 000004FE C=CODE     S=.text    G=(none)   M=Controls ACBP=A9
 0001:00000A04 0000004E C=CODE     S=.text    G=(none)   M=ActnList ACBP=A9
 0001:00000A54 0000000E C=CODE     S=.text    G=(none)   M=Contnrs  ACBP=A9
 0001:00000A64 00000296 C=CODE     S=.text    G=(none)   M=Classes  ACBP=A9
 0001:00000CFC 0000000E C=CODE     S=.text    G=(none)   M=ActiveX  ACBP=A9
 0001:00000D0C 00000218 C=CODE     S=.text    G=(none)   M=Windows  ACBP=A9
 0001:00000F24 0000000E C=CODE     S=.text    G=(none)   M=Types    ACBP=A9
 0001:00000F34 00000038 C=CODE     S=.text    G=(none)   M=Messages ACBP=A9
 0001:00000F6C 0000000E C=CODE     S=.text    G=(none)   M=TypInfo  ACBP=A9
 0001:00000F7C 000000F6 C=CODE     S=.text    G=(none)   M=SysUtils ACBP=A9
 0001:00001074 0000000E C=CODE     S=.text    G=(none)   M=SysConst ACBP=A9
 0001:00001084 00000056 C=CODE     S=.text    G=(none)   M=Variants ACBP=A9
 0001:000010DC 0000000E C=CODE     S=.text    G=(none)   M=VarUtils ACBP=A9
 0001:000010EC 0000000E C=CODE     S=.text    G=(none)   M=RTLConsts ACBP=A9
 0001:000010FC 0000004E C=CODE     S=.text    G=(none)   M=Math     ACBP=A9
 0001:0000114C 00000026 C=CODE     S=.text    G=(none)   M=ImgList  ACBP=A9
 0001:00001174 00000038 C=CODE     S=.text    G=(none)   M=CommCtrl ACBP=A9
 0001:000011AC 00000186 C=CODE     S=.text    G=(none)   M=Graphics ACBP=A9
 0001:00001334 0000000E C=CODE     S=.text    G=(none)   M=Consts   ACBP=A9
 0001:00001344 000001A6 C=CODE     S=.text    G=(none)   M=Forms    ACBP=A9
 0001:000014EC 0000000E C=CODE     S=.text    G=(none)   M=HelpIntfs ACBP=A9
 0001:000014FC 0000000E C=CODE     S=.text    G=(none)   M=MultiMon ACBP=A9
 0001:0000150C 00000038 C=CODE     S=.text    G=(none)   M=Imm      ACBP=A9
 0001:00001544 0000000E C=CODE     S=.text    G=(none)   M=Menus    ACBP=A9
 0001:00001554 0000000E C=CODE     S=.text    G=(none)   M=Themes   ACBP=A9
 0001:00001564 0000000E C=CODE     S=.text    G=(none)   M=UxTheme  ACBP=A9
 0001:00001574 0000000E C=CODE     S=.text    G=(none)   M=SyncObjs ACBP=A9
 0001:00001584 0000007E C=CODE     S=.text    G=(none)   M=ComCtrls ACBP=A9
 0001:00001604 00000038 C=CODE     S=.text    G=(none)   M=ShlObj   ACBP=A9
 0001:0000163C 00000038 C=CODE     S=.text    G=(none)   M=UrlMon   ACBP=A9
 0001:00001674 00000038 C=CODE     S=.text    G=(none)   M=WinInet  ACBP=A9
 0001:000016AC 00000038 C=CODE     S=.text    G=(none)   M=RegStr   ACBP=A9
 0001:000016E4 00000038 C=CODE     S=.text    G=(none)   M=ShellAPI ACBP=A9
 0001:0000171C 0000000E C=CODE     S=.text    G=(none)   M=ListActns ACBP=A9
 0001:0000172C 000000CE C=CODE     S=.text    G=(none)   M=ExtCtrls ACBP=A9
 0001:000017FC 0000016E C=CODE     S=.text    G=(none)   M=StdCtrls ACBP=A9
 0001:0000196C 0000000E C=CODE     S=.text    G=(none)   M=WinHelpViewer ACBP=A9
 0001:0000197C 0000000E C=CODE     S=.text    G=(none)   M=StdActns ACBP=A9
 0001:0000198C 00000026 C=CODE     S=.text    G=(none)   M=Dialogs  ACBP=A9
 0001:000019B4 0000000E C=CODE     S=.text    G=(none)   M=Printers ACBP=A9
 0001:000019C4 00000038 C=CODE     S=.text    G=(none)   M=WinSpool ACBP=A9
 0001:000019FC 00000038 C=CODE     S=.text    G=(none)   M=CommDlg  ACBP=A9
 0001:00001A34 00000038 C=CODE     S=.text    G=(none)   M=Dlgs     ACBP=A9
 0001:00001A6C 0000000E C=CODE     S=.text    G=(none)   M=StrUtils ACBP=A9
 0001:00001A7C 00000026 C=CODE     S=.text    G=(none)   M=Clipbrd  ACBP=A9
 0001:00001AA4 0000000E C=CODE     S=.text    G=(none)   M=FlatSB   ACBP=A9
 0001:00001AB4 0000000E C=CODE     S=.text    G=(none)   M=ToolWin  ACBP=A9
 0001:00001AC4 00000038 C=CODE     S=.text    G=(none)   M=RichEdit ACBP=A9
 0001:00001AFC 0000000E C=CODE     S=.text    G=(none)   M=ExtActns ACBP=A9
 0001:00001B0C 0000000E C=CODE     S=.text    G=(none)   M=Registry ACBP=A9
 0001:00001B1C 0000000E C=CODE     S=.text    G=(none)   M=IniFiles ACBP=A9
 0001:00001B2C 0000000E C=CODE     S=.text    G=(none)   M=ExtDlgs  ACBP=A9
 0001:00001B3C 00000096 C=CODE     S=.text    G=(none)   M=Buttons  ACBP=A9
 0001:00001BD4 0000000E C=CODE     S=.text    G=(none)   M=Mapi     ACBP=A9
 0001:00001BE4 0000000E C=CODE     S=.text    G=(none)   M=ComStrs  ACBP=A9
 0001:00001BF4 00000316 C=CODE     S=.text    G=(none)   M=DBTables ACBP=A9
 0001:00001F0C 0000000E C=CODE     S=.text    G=(none)   M=SMINTF   ACBP=A9
 0001:00001F1C 0000000E C=CODE     S=.text    G=(none)   M=BDE      ACBP=A9
 0001:00001F2C 0000000E C=CODE     S=.text    G=(none)   M=DBCommon ACBP=A9
 0001:00001F3C 0000000E C=CODE     S=.text    G=(none)   M=SqlTimSt ACBP=A9
 0001:00001F4C 0000000E C=CODE     S=.text    G=(none)   M=DBConsts ACBP=A9
 0001:00001F5C 0000001E C=CODE     S=.text    G=(none)   M=DateUtils ACBP=A9
 0001:00001F7C 0000022E C=CODE     S=.text    G=(none)   M=DB       ACBP=A9
 0001:000021AC 0000000E C=CODE     S=.text    G=(none)   M=FMTBcd   ACBP=A9
 0001:000021BC 0000000E C=CODE     S=.text    G=(none)   M=MaskUtils ACBP=A9
 0001:000021CC 0000000E C=CODE     S=.text    G=(none)   M=ComObj   ACBP=A9
 0001:000021DC 0000000E C=CODE     S=.text    G=(none)   M=ComConst ACBP=A9
 0001:000021EC 0000000E C=CODE     S=.text    G=(none)   M=bdeconst ACBP=A9
 0001:000021FC 0000036B C=CODE     S=.text    G=(none)   M=ConstDef ACBP=A9
 0001:00002568 00000094 C=CODE     S=.text    G=(none)   M=GlobalValue ACBP=A9
 0001:000025FC 000007E9 C=CODE     S=.text    G=(none)   M=AlarmTblU ACBP=A9
 0001:00002DE8 00001BA0 C=CODE     S=.text    G=(none)   M=CalcU1   ACBP=A9
 0001:00004988 0000001E C=CODE     S=.text    G=(none)   M=Spin     ACBP=A9
 0001:000049A8 00000294 C=CODE     S=.text    G=(none)   M=IMMIEditEditorU ACBP=A9
 0001:00004C3C 000010EC C=CODE     S=.text    G=(none)   M=ParamU   ACBP=A9
 0001:00005D28 000011C0 C=CODE     S=.text    G=(none)   M=AlarmU   ACBP=A9
 0001:00006EE8 000000F6 C=CODE     S=.text    G=(none)   M=Grids    ACBP=A9
 0001:00006FE0 0000000E C=CODE     S=.text    G=(none)   M=Mask     ACBP=A9
 0001:00006FF0 00000D88 C=CODE     S=.text    G=(none)   M=GroupsU  ACBP=A9
 0001:00007D78 00000038 C=CODE     S=.text    G=(none)   M=GlobalVar ACBP=A9
 0001:00007DB0 000029AC C=CODE     S=.text    G=(none)   M=MemStructsU ACBP=A9
 0001:0000A75C 00000A60 C=CODE     S=.text    G=(none)   M=Expr     ACBP=A9
 0001:0000B1BC 000002BC C=CODE     S=.text    G=(none)   M=IMMILabelEditorU ACBP=A9
 0001:0000B478 000009E8 C=CODE     S=.text    G=(none)   M=IMMIValueEntryFrmU ACBP=A9
 0001:0000BE60 000004F4 C=CODE     S=.text    G=(none)   M=IMMIPropertysEditorU ACBP=A9
 0001:0000C354 00000E90 C=CODE     S=.text    G=(none)   M=IMMIPropertysU ACBP=A9
 0001:0000D1E4 00000270 C=CODE     S=.text    G=(none)   M=IMMITrackBEditorU ACBP=A9
 0001:0000D454 000006D0 C=CODE     S=.text    G=(none)   M=IMMITrackBar ACBP=A9
 0001:0000DB24 00000318 C=CODE     S=.text    G=(none)   M=IMMISpeedBtnEditor ACBP=A9
 0001:0000DE3C 000005E4 C=CODE     S=.text    G=(none)   M=FormManager ACBP=A9
 0001:0000E420 00000284 C=CODE     S=.text    G=(none)   M=LoginError ACBP=A9
 0001:0000E6A4 00000574 C=CODE     S=.text    G=(none)   M=sRegistrationForm ACBP=A9
 0001:0000EC18 00000B70 C=CODE     S=.text    G=(none)   M=IMMIEditReal ACBP=A9
 0001:0000F788 000002D4 C=CODE     S=.text    G=(none)   M=IMMIShapeEditorU ACBP=A9
 0001:0000FA5C 00001050 C=CODE     S=.text    G=(none)   M=IMMIShape ACBP=A9
 0001:00010AAC 000002F8 C=CODE     S=.text    G=(none)   M=IMMIImage ACBP=A9
 0001:00010DA4 00000168 C=CODE     S=.text    G=(none)   M=IMMIControls ACBP=A9
 0001:00010F0C 00000428 C=CODE     S=.text    G=(none)   M=IMMIImgEditorU ACBP=A9
 0001:00011334 000008D8 C=CODE     S=.text    G=(none)   M=IMMIImg  ACBP=A9
 0001:00011C0C 000003C4 C=CODE     S=.text    G=(none)   M=IMMIImg1 ACBP=A9
 0001:00011FD0 00001FD8 C=CODE     S=.text    G=(none)   M=dxCore   ACBP=A9
 0001:00013FA8 00001968 C=CODE     S=.text    G=(none)   M=dxButton ACBP=A9
 0001:00015910 00000370 C=CODE     S=.text    G=(none)   M=IMMIPanelU ACBP=A9
 0001:00015C80 000006C0 C=CODE     S=.text    G=(none)   M=ImmibuttonXp ACBP=A9
 0001:00016340 00000764 C=CODE     S=.text    G=(none)   M=IMMISpeedButton ACBP=A9
 0001:00016AA4 00000218 C=CODE     S=.text    G=(none)   M=QueryForm ACBP=A9
 0001:00016CBC 00000764 C=CODE     S=.text    G=(none)   M=IMMIBitBtn ACBP=A9
 0001:00017420 000005F8 C=CODE     S=.text    G=(none)   M=Ruler    ACBP=A9
 0001:00017A18 00000440 C=CODE     S=.text    G=(none)   M=IMMIValueEntryU ACBP=A9
 0001:00017E58 000029F8 C=CODE     S=.text    G=(none)   M=Scope    ACBP=A9
 0001:0001A850 00000AA0 C=CODE     S=.text    G=(none)   M=DataGraphcModul ACBP=A9
 0001:0001B2F0 00000928 C=CODE     S=.text    G=(none)   M=AvPr     ACBP=A9
 0001:0001BC18 00001838 C=CODE     S=.text    G=(none)   M=SYButton ACBP=A9
 0001:0001D450 000010AC C=CODE     S=.text    G=(none)   M=IMMIScope ACBP=A9
 0001:0001E4FC 0000090C C=CODE     S=.text    G=(none)   M=IMMILabelU ACBP=A9
 0001:0001EE08 00000650 C=CODE     S=.text    G=(none)   M=IMMIFormU ACBP=A9
 0001:0001F458 000006BC C=CODE     S=.text    G=(none)   M=IMMIAnalogPropU ACBP=A9
 0001:0001FB14 0000056C C=CODE     S=.text    G=(none)   M=AnalogpropGraphic ACBP=A9
 0001:00020080 00001D90 C=CODE     S=.text    G=(none)   M=IMMILabelFullU ACBP=A9
 0001:00021E10 00000220 C=CODE     S=.text    G=(none)   M=IMMIAlTrgEditorU ACBP=A9
 0001:00022030 00000A94 C=CODE     S=.text    G=(none)   M=IMMIAlarmTriangle ACBP=A9
 0001:00022AC4 00000690 C=CODE     S=.text    G=(none)   M=ImmiSyButton ACBP=A9
 0001:00023154 0000044C C=CODE     S=.text    G=(none)   M=SwitchKnobFormU ACBP=A9
 0001:000235A0 00000594 C=CODE     S=.text    G=(none)   M=Switch2FormU ACBP=A9
 0001:00023B34 000006C4 C=CODE     S=.text    G=(none)   M=IMMIArmatCtrl ACBP=A9
 0001:000241F8 00000324 C=CODE     S=.text    G=(none)   M=IMMIArmatVlEditorU ACBP=A9
 0001:0002451C 0000114C C=CODE     S=.text    G=(none)   M=IMMIArmatVl ACBP=A9
 0001:00025668 00000224 C=CODE     S=.text    G=(none)   M=IMMIGoU  ACBP=A9
 0001:0002588C 00000560 C=CODE     S=.text    G=(none)   M=IMMIArmatBMEditorU ACBP=A9
 0001:00025DEC 000017EC C=CODE     S=.text    G=(none)   M=IMMIArmatBm ACBP=A9
 0001:000275D8 00000016 C=CODE     S=.text    G=(none)   M=IdGlobal ACBP=A9
 0001:000275F0 0000000E C=CODE     S=.text    G=(none)   M=IdException ACBP=A9
 0001:00027600 0000000E C=CODE     S=.text    G=(none)   M=IdURI    ACBP=A9
 0001:00027610 0000000E C=CODE     S=.text    G=(none)   M=IdResourceStrings ACBP=A9
 0001:00027620 0000000E C=CODE     S=.text    G=(none)   M=IdStack  ACBP=A9
 0001:00027630 0000000E C=CODE     S=.text    G=(none)   M=IdStackConsts ACBP=A9
 0001:00027640 0000000E C=CODE     S=.text    G=(none)   M=IdWinSock2 ACBP=A9
 0001:00027650 0000000E C=CODE     S=.text    G=(none)   M=IdStackWindows ACBP=A9
 0001:00027660 000000F6 C=CODE     S=.text    G=(none)   M=DBGrids  ACBP=A9
 0001:00027758 0000000E C=CODE     S=.text    G=(none)   M=DBCtrls  ACBP=A9
 0001:00027768 0000000E C=CODE     S=.text    G=(none)   M=VDBConsts ACBP=A9
 0001:00027778 0000000E C=CODE     S=.text    G=(none)   M=DBPWDlg  ACBP=A9
 0001:00027788 0000000E C=CODE     S=.text    G=(none)   M=DBLogDlg ACBP=A9
 0001:00027798 000001B4 C=CODE     S=.text    G=(none)   M=uMyTimer ACBP=A9
 0001:0002794C 000016A0 C=CODE     S=.text    G=(none)   M=IMMIArmatura ACBP=A9
 0001:00028FEC 00000344 C=CODE     S=.text    G=(none)   M=IMMIColorLabelU ACBP=A9
 0001:00029330 00000B8C C=CODE     S=.text    G=(none)   M=IMMIGridU ACBP=A9
 0001:00029EBC 00000BE0 C=CODE     S=.text    G=(none)   M=ColorDBGrid ACBP=A9
 0001:0002AA9C 00000724 C=CODE     S=.text    G=(none)   M=ColorStringGrid ACBP=A9
 0001:0002B1C0 0000001E C=CODE     S=.text    G=(none)   M=DesignIntf ACBP=A9
 0001:0002B1E0 0000000E C=CODE     S=.text    G=(none)   M=DesignMenus ACBP=A9
 0001:0002B1F0 0000000E C=CODE     S=.text    G=(none)   M=DesignWindows ACBP=A9
 0001:0002B200 0000000E C=CODE     S=.text    G=(none)   M=ComponentDesigner ACBP=A9
 0001:0002B210 0000000E C=CODE     S=.text    G=(none)   M=EditIntf ACBP=A9
 0001:0002B220 0000000E C=CODE     S=.text    G=(none)   M=VirtIntf ACBP=A9
 0001:0002B230 0000000E C=CODE     S=.text    G=(none)   M=Events   ACBP=A9
 0001:0002B240 0000000E C=CODE     S=.text    G=(none)   M=ToolUtils ACBP=A9
 0001:0002B250 0000000E C=CODE     S=.text    G=(none)   M=ToolsAPI ACBP=A9
 0001:0002B260 0000000E C=CODE     S=.text    G=(none)   M=Update   ACBP=A9
 0001:0002B270 0000000E C=CODE     S=.text    G=(none)   M=LibConst ACBP=A9
 0001:0002B280 00000106 C=CODE     S=.text    G=(none)   M=DesignEditors ACBP=A9
 0001:0002B388 0000000E C=CODE     S=.text    G=(none)   M=Proxies  ACBP=A9
 0001:0002B398 0000000E C=CODE     S=.text    G=(none)   M=DesignConst ACBP=A9
 0001:0002B3A8 0000000E C=CODE     S=.text    G=(none)   M=Designer ACBP=A9
 0001:0002B3B8 0000000E C=CODE     S=.text    G=(none)   M=StFilSys ACBP=A9
 0001:0002B3C8 0000000E C=CODE     S=.text    G=(none)   M=IStreams ACBP=A9
 0001:0002B3D8 0000000E C=CODE     S=.text    G=(none)   M=AxCtrls  ACBP=A9
 0001:0002B3E8 0000000E C=CODE     S=.text    G=(none)   M=StdVCL   ACBP=A9
 0001:0002B3F8 0000000E C=CODE     S=.text    G=(none)   M=TopLevels ACBP=A9
 0001:0002B408 0000000E C=CODE     S=.text    G=(none)   M=TreeIntf ACBP=A9
 0001:0002B418 0000000E C=CODE     S=.text    G=(none)   M=VCLEditors ACBP=A9
 0001:0002B428 000004B0 C=CODE     S=.text    G=(none)   M=GenAlg   ACBP=A9
 0001:0002B8D8 000004CC C=CODE     S=.text    G=(none)   M=CommForm ACBP=A9
 0001:0002BDA4 0000371C C=CODE     S=.text    G=(none)   M=Comms    ACBP=A9
 0001:0002F4C0 00000280 C=CODE     S=.text    G=(none)   M=MyCommFrm ACBP=A9
 0001:0002F740 000013C8 C=CODE     S=.text    G=(none)   M=MyComms  ACBP=A9
 0001:00030B08 0000022B C=CODE     S=.text    G=(none)   M=debugClasses ACBP=A9
 0001:00030D34 00000558 C=CODE     S=.text    G=(none)   M=convFunc ACBP=A9
 0001:0003128C 00000D54 C=CODE     S=.text    G=(none)   M=PLCComPort ACBP=A9
 0001:00031FE0 00000B00 C=CODE     S=.text    G=(none)   M=UnitExpr ACBP=A9
 0001:00032AE0 000002C8 C=CODE     S=.text    G=(none)   M=ImitEditFrm ACBP=A9
 0001:00032DA8 000011F6 C=CODE     S=.text    G=(none)   M=Imit     ACBP=A9
 0001:00033FA0 000006BC C=CODE     S=.text    G=(none)   M=IMMITubeEditorU ACBP=A9
 0001:0003465C 00000E94 C=CODE     S=.text    G=(none)   M=IMMITube ACBP=A9
 0001:000354F0 00000360 C=CODE     S=.text    G=(none)   M=IMMIGroupBoxU ACBP=A9
 0001:00035850 000003C4 C=CODE     S=.text    G=(none)   M=IMMIRegulEditF ACBP=A9
 0001:00035C14 00000C84 C=CODE     S=.text    G=(none)   M=IMMIformx ACBP=A9
 0001:00036898 00000238 C=CODE     S=.text    G=(none)   M=frmRegSetupU ACBP=A9
 0001:00036AD0 00000A88 C=CODE     S=.text    G=(none)   M=IMMIRegulU ACBP=A9
 0001:00037558 00002454 C=CODE     S=.text    G=(none)   M=IMMIRegul ACBP=A9
 0001:000399AC 000004F0 C=CODE     S=.text    G=(none)   M=PropTubeColorU ACBP=A9
 0001:00039E9C 00000A78 C=CODE     S=.text    G=(none)   M=RedacOCForm ACBP=A9
 0001:0003A914 00001CF4 C=CODE     S=.text    G=(none)   M=IMMIReg  ACBP=A9
 0001:0003C608 00000884 C=CODE     S=.text    G=(none)   M=TrackBarDouble ACBP=A9
 0001:0003CE8C 00000368 C=CODE     S=.text    G=(none)   M=TClockU  ACBP=A9
 0001:0003D1F4 00000654 C=CODE     S=.text    G=(none)   M=IMMIImgf ACBP=A9
 0001:0003D848 000006A8 C=CODE     S=.text    G=(none)   M=ImmiButton ACBP=A9
 0001:0003DEF0 00002638 C=CODE     S=.text    G=(none)   M=FloatEdits ACBP=A9
 0001:00040528 000007B4 C=CODE     S=.text    G=(none)   M=IMMIAlarmActive ACBP=A9
 0001:00040CDC 00000200 C=CODE     S=.text    G=(none)   M=frmShowTegsU ACBP=A9
 0001:00040EDC 00000730 C=CODE     S=.text    G=(none)   M=MessageScreen ACBP=A9
 0001:0004160C 00000344 C=CODE     S=.text    G=(none)   M=imitsh   ACBP=A9
 0001:00041950 00000695 C=CODE     S=.text    G=(none)   M=MyComponent3 ACBP=A9
 0002:00000000 00000030 C=DATA     S=.data    G=DGROUP   M=SysInit  ACBP=A9
 0002:00000030 00000001 C=DATA     S=.data    G=DGROUP   M=ConstDef ACBP=A9
 0002:00000034 00000008 C=DATA     S=.data    G=DGROUP   M=GlobalValue ACBP=A9
 0002:0000003C 000000D0 C=DATA     S=.data    G=DGROUP   M=CalcU1   ACBP=A9
 0002:0000010C 00000001 C=DATA     S=.data    G=DGROUP   M=AlarmU   ACBP=A9
 0002:00000110 00000004 C=DATA     S=.data    G=DGROUP   M=debugClasses ACBP=A9
 0002:00000114 00000004 C=DATA     S=.data    G=DGROUP   M=PLCComPort ACBP=A9
 0002:00001000 00000010 C=BSS      S=.bss     G=DGROUP   M=SysInit  ACBP=A9
 0002:00001010 00000004 C=BSS      S=.bss     G=DGROUP   M=Windows  ACBP=A9
 0002:00001014 00000004 C=BSS      S=.bss     G=DGROUP   M=Messages ACBP=A9
 0002:00001018 00000004 C=BSS      S=.bss     G=DGROUP   M=CommCtrl ACBP=A9
 0002:0000101C 00000004 C=BSS      S=.bss     G=DGROUP   M=Imm      ACBP=A9
 0002:00001020 00000004 C=BSS      S=.bss     G=DGROUP   M=ShlObj   ACBP=A9
 0002:00001024 00000004 C=BSS      S=.bss     G=DGROUP   M=UrlMon   ACBP=A9
 0002:00001028 00000004 C=BSS      S=.bss     G=DGROUP   M=WinInet  ACBP=A9
 0002:0000102C 00000004 C=BSS      S=.bss     G=DGROUP   M=RegStr   ACBP=A9
 0002:00001030 00000004 C=BSS      S=.bss     G=DGROUP   M=ShellAPI ACBP=A9
 0002:00001034 00000004 C=BSS      S=.bss     G=DGROUP   M=WinSpool ACBP=A9
 0002:00001038 00000004 C=BSS      S=.bss     G=DGROUP   M=CommDlg  ACBP=A9
 0002:0000103C 00000004 C=BSS      S=.bss     G=DGROUP   M=Dlgs     ACBP=A9
 0002:00001040 00000004 C=BSS      S=.bss     G=DGROUP   M=RichEdit ACBP=A9
 0002:00001044 00000030 C=BSS      S=.bss     G=DGROUP   M=ConstDef ACBP=A9
 0002:00001074 0000004C C=BSS      S=.bss     G=DGROUP   M=GlobalValue ACBP=A9
 0002:000010C0 00000008 C=BSS      S=.bss     G=DGROUP   M=AlarmTblU ACBP=A9
 0002:000010C8 00000008 C=BSS      S=.bss     G=DGROUP   M=CalcU1   ACBP=A9
 0002:000010D0 00000008 C=BSS      S=.bss     G=DGROUP   M=IMMIEditEditorU ACBP=A9
 0002:000010D8 00000004 C=BSS      S=.bss     G=DGROUP   M=ParamU   ACBP=A9
 0002:000010DC 00000004 C=BSS      S=.bss     G=DGROUP   M=AlarmU   ACBP=A9
 0002:000010E0 00000004 C=BSS      S=.bss     G=DGROUP   M=GroupsU  ACBP=A9
 0002:000010E4 00000010 C=BSS      S=.bss     G=DGROUP   M=GlobalVar ACBP=A9
 0002:000010F4 00000008 C=BSS      S=.bss     G=DGROUP   M=MemStructsU ACBP=A9
 0002:000010FC 00000004 C=BSS      S=.bss     G=DGROUP   M=Expr     ACBP=A9
 0002:00001100 00000008 C=BSS      S=.bss     G=DGROUP   M=IMMILabelEditorU ACBP=A9
 0002:00001108 00000008 C=BSS      S=.bss     G=DGROUP   M=IMMIValueEntryFrmU ACBP=A9
 0002:00001110 00000008 C=BSS      S=.bss     G=DGROUP   M=IMMIPropertysEditorU ACBP=A9
 0002:00001118 00000004 C=BSS      S=.bss     G=DGROUP   M=IMMIPropertysU ACBP=A9
 0002:0000111C 00000008 C=BSS      S=.bss     G=DGROUP   M=IMMITrackBEditorU ACBP=A9
 0002:00001124 00000004 C=BSS      S=.bss     G=DGROUP   M=IMMITrackBar ACBP=A9
 0002:00001128 00000008 C=BSS      S=.bss     G=DGROUP   M=IMMISpeedBtnEditor ACBP=A9
 0002:00001130 00000004 C=BSS      S=.bss     G=DGROUP   M=FormManager ACBP=A9
 0002:00001134 00000008 C=BSS      S=.bss     G=DGROUP   M=LoginError ACBP=A9
 0002:0000113C 00000008 C=BSS      S=.bss     G=DGROUP   M=sRegistrationForm ACBP=A9
 0002:00001144 00000004 C=BSS      S=.bss     G=DGROUP   M=IMMIEditReal ACBP=A9
 0002:00001148 00000008 C=BSS      S=.bss     G=DGROUP   M=IMMIShapeEditorU ACBP=A9
 0002:00001150 00000004 C=BSS      S=.bss     G=DGROUP   M=IMMIShape ACBP=A9
 0002:00001154 00000004 C=BSS      S=.bss     G=DGROUP   M=IMMIImage ACBP=A9
 0002:00001158 00000004 C=BSS      S=.bss     G=DGROUP   M=IMMIControls ACBP=A9
 0002:0000115C 00000008 C=BSS      S=.bss     G=DGROUP   M=IMMIImgEditorU ACBP=A9
 0002:00001164 00000004 C=BSS      S=.bss     G=DGROUP   M=IMMIImg  ACBP=A9
 0002:00001168 00000004 C=BSS      S=.bss     G=DGROUP   M=IMMIImg1 ACBP=A9
 0002:0000116C 00000004 C=BSS      S=.bss     G=DGROUP   M=dxCore   ACBP=A9
 0002:00001170 00000004 C=BSS      S=.bss     G=DGROUP   M=dxButton ACBP=A9
 0002:00001174 00000004 C=BSS      S=.bss     G=DGROUP   M=IMMIPanelU ACBP=A9
 0002:00001178 00000004 C=BSS      S=.bss     G=DGROUP   M=ImmibuttonXp ACBP=A9
 0002:0000117C 00000004 C=BSS      S=.bss     G=DGROUP   M=IMMISpeedButton ACBP=A9
 0002:00001180 00000008 C=BSS      S=.bss     G=DGROUP   M=QueryForm ACBP=A9
 0002:00001188 00000004 C=BSS      S=.bss     G=DGROUP   M=IMMIBitBtn ACBP=A9
 0002:0000118C 00000004 C=BSS      S=.bss     G=DGROUP   M=Ruler    ACBP=A9
 0002:00001190 00000004 C=BSS      S=.bss     G=DGROUP   M=IMMIValueEntryU ACBP=A9
 0002:00001194 00000004 C=BSS      S=.bss     G=DGROUP   M=Scope    ACBP=A9
 0002:00001198 00000008 C=BSS      S=.bss     G=DGROUP   M=DataGraphcModul ACBP=A9
 0002:000011A0 00000004 C=BSS      S=.bss     G=DGROUP   M=AvPr     ACBP=A9
 0002:000011A4 00000004 C=BSS      S=.bss     G=DGROUP   M=SYButton ACBP=A9
 0002:000011A8 00000004 C=BSS      S=.bss     G=DGROUP   M=IMMIScope ACBP=A9
 0002:000011AC 00000004 C=BSS      S=.bss     G=DGROUP   M=IMMILabelU ACBP=A9
 0002:000011B0 00000008 C=BSS      S=.bss     G=DGROUP   M=IMMIFormU ACBP=A9
 0002:000011B8 00000008 C=BSS      S=.bss     G=DGROUP   M=IMMIAnalogPropU ACBP=A9
 0002:000011C0 00000008 C=BSS      S=.bss     G=DGROUP   M=AnalogpropGraphic ACBP=A9
 0002:000011C8 00000004 C=BSS      S=.bss     G=DGROUP   M=IMMILabelFullU ACBP=A9
 0002:000011CC 00000008 C=BSS      S=.bss     G=DGROUP   M=IMMIAlTrgEditorU ACBP=A9
 0002:000011D4 00000004 C=BSS      S=.bss     G=DGROUP   M=IMMIAlarmTriangle ACBP=A9
 0002:000011D8 00000004 C=BSS      S=.bss     G=DGROUP   M=ImmiSyButton ACBP=A9
 0002:000011DC 00000008 C=BSS      S=.bss     G=DGROUP   M=SwitchKnobFormU ACBP=A9
 0002:000011E4 00000008 C=BSS      S=.bss     G=DGROUP   M=Switch2FormU ACBP=A9
 0002:000011EC 00000004 C=BSS      S=.bss     G=DGROUP   M=IMMIArmatCtrl ACBP=A9
 0002:000011F0 00000008 C=BSS      S=.bss     G=DGROUP   M=IMMIArmatVlEditorU ACBP=A9
 0002:000011F8 00000004 C=BSS      S=.bss     G=DGROUP   M=IMMIArmatVl ACBP=A9
 0002:000011FC 00000004 C=BSS      S=.bss     G=DGROUP   M=IMMIGoU  ACBP=A9
 0002:00001200 00000008 C=BSS      S=.bss     G=DGROUP   M=IMMIArmatBMEditorU ACBP=A9
 0002:00001208 00000004 C=BSS      S=.bss     G=DGROUP   M=IMMIArmatBm ACBP=A9
 0002:0000120C 00000004 C=BSS      S=.bss     G=DGROUP   M=uMyTimer ACBP=A9
 0002:00001210 00000004 C=BSS      S=.bss     G=DGROUP   M=IMMIArmatura ACBP=A9
 0002:00001214 00000004 C=BSS      S=.bss     G=DGROUP   M=IMMIColorLabelU ACBP=A9
 0002:00001218 00000004 C=BSS      S=.bss     G=DGROUP   M=IMMIGridU ACBP=A9
 0002:0000121C 00000004 C=BSS      S=.bss     G=DGROUP   M=ColorDBGrid ACBP=A9
 0002:00001220 00000004 C=BSS      S=.bss     G=DGROUP   M=ColorStringGrid ACBP=A9
 0002:00001224 00000004 C=BSS      S=.bss     G=DGROUP   M=GenAlg   ACBP=A9
 0002:00001228 00000008 C=BSS      S=.bss     G=DGROUP   M=CommForm ACBP=A9
 0002:00001230 00000004 C=BSS      S=.bss     G=DGROUP   M=Comms    ACBP=A9
 0002:00001234 00000008 C=BSS      S=.bss     G=DGROUP   M=MyCommFrm ACBP=A9
 0002:0000123C 00000004 C=BSS      S=.bss     G=DGROUP   M=MyComms  ACBP=A9
 0002:00001240 00000008 C=BSS      S=.bss     G=DGROUP   M=debugClasses ACBP=A9
 0002:00001248 00000004 C=BSS      S=.bss     G=DGROUP   M=convFunc ACBP=A9
 0002:0000124C 00000004 C=BSS      S=.bss     G=DGROUP   M=PLCComPort ACBP=A9
 0002:00001250 0000000C C=BSS      S=.bss     G=DGROUP   M=UnitExpr ACBP=A9
 0002:0000125C 00000008 C=BSS      S=.bss     G=DGROUP   M=ImitEditFrm ACBP=A9
 0002:00001264 00000004 C=BSS      S=.bss     G=DGROUP   M=Imit     ACBP=A9
 0002:00001268 00000008 C=BSS      S=.bss     G=DGROUP   M=IMMITubeEditorU ACBP=A9
 0002:00001270 00000004 C=BSS      S=.bss     G=DGROUP   M=IMMITube ACBP=A9
 0002:00001274 00000004 C=BSS      S=.bss     G=DGROUP   M=IMMIGroupBoxU ACBP=A9
 0002:00001278 00000008 C=BSS      S=.bss     G=DGROUP   M=IMMIRegulEditF ACBP=A9
 0002:00001280 00000004 C=BSS      S=.bss     G=DGROUP   M=IMMIformx ACBP=A9
 0002:00001284 00000008 C=BSS      S=.bss     G=DGROUP   M=frmRegSetupU ACBP=A9
 0002:0000128C 00000008 C=BSS      S=.bss     G=DGROUP   M=IMMIRegulU ACBP=A9
 0002:00001294 00000004 C=BSS      S=.bss     G=DGROUP   M=IMMIRegul ACBP=A9
 0002:00001298 00000008 C=BSS      S=.bss     G=DGROUP   M=PropTubeColorU ACBP=A9
 0002:000012A0 00000008 C=BSS      S=.bss     G=DGROUP   M=RedacOCForm ACBP=A9
 0002:000012A8 00000004 C=BSS      S=.bss     G=DGROUP   M=IMMIReg  ACBP=A9
 0002:000012AC 00000004 C=BSS      S=.bss     G=DGROUP   M=TrackBarDouble ACBP=A9
 0002:000012B0 00000008 C=BSS      S=.bss     G=DGROUP   M=TClockU  ACBP=A9
 0002:000012B8 00000004 C=BSS      S=.bss     G=DGROUP   M=IMMIImgf ACBP=A9
 0002:000012BC 00000004 C=BSS      S=.bss     G=DGROUP   M=ImmiButton ACBP=A9
 0002:000012C0 00000004 C=BSS      S=.bss     G=DGROUP   M=FloatEdits ACBP=A9
 0002:000012C4 00000004 C=BSS      S=.bss     G=DGROUP   M=IMMIAlarmActive ACBP=A9
 0002:000012C8 00000008 C=BSS      S=.bss     G=DGROUP   M=frmShowTegsU ACBP=A9
 0002:000012D0 00000004 C=BSS      S=.bss     G=DGROUP   M=MessageScreen ACBP=A9
 0002:000012D4 00000004 C=BSS      S=.bss     G=DGROUP   M=imitsh   ACBP=A9


  Address         Publics by Name

 0002:00001014       .1
 0002:0000102C       .1
 0002:000010BC       .1
 0002:00001038       .1
 0002:0000103C       .1
 0002:00001040       .1
 0002:00001024       .1
 0002:00001008       .1
 0002:00001028       .1
 0002:00001020       .1
 0002:00001030       .1
 0002:00001248       .1
 0002:0000101C       .1
 0002:0000105C       .1
 0002:000010F0       .1
 0002:00001018       .1
 0002:000012A4       .2
 0002:000011E8       .2
 0002:00001174       .2
 0002:000011EC       .2
 0002:00001104       .2
 0002:00001274       .2
 0002:000011F4       .2
 0002:000010C4       .2
 0002:000010E0       .2
 0002:0000127C       .2
 0002:000011C4       .2
 0002:000011F8       .2
 0002:00001164       .2
 0002:000012C4       .2
 0002:000011FC       .2
 0002:00001190       .2
 0002:0000110C       .2
 0002:00001204       .2
 0002:000012CC       .2
 0002:000011BC       .2
 0002:00001208       .2
 0002:00001114       .2
 0002:0000120C       .2
 0002:0000118C       .2
 0002:000012D4       .2
 0002:00001188       .2
 0002:000011B4       .2
 0002:00001214       .2
 0002:00001288       .2
 0002:0000112C       .2
 0002:00001168       .2
 0002:00001184       .2
 0002:00001218       .2
 0002:00001144       .2
 0002:000011AC       .2
 0002:0000121C       .2
 0002:00001290       .2
 0002:00001140       .2
 0002:0000114C       .2
 0002:00001138       .2
 0002:000010FC       .2
 0002:000011A0       .2
 0002:0000122C       .2
 0002:000012AC       .2
 0002:00001244       .2
 0002:000011A8       .2
 0002:00001178       .2
 0002:000010D4       .2
 0002:000012B4       .2
 0002:00001238       .2
 0002:00001124       .2
 0002:00001130       .2
 0002:0000117C       .2
 0002:00001154       .2
 0002:000011E0       .2
 0002:00001158       .2
 0002:000011D8       .2
 0002:00001120       .2
 0002:000012BC       .2
 0002:000011D4       .2
 0002:0000126C       .2
 0002:00001160       .2
 0002:00001264       .2
 0002:00001260       .2
 0002:000011D0       .2
 0002:00001258       .2
 0002:0000119C       .2
 0002:0000129C       .2
 0002:0000124C       .2
 0002:000011A4       .2
 0002:00001294       .3
 0002:00001034       .3
 0002:00001210       .3
 0002:00001150       .3
 0002:000012B8       .3
 0002:000011C8       .3
 0002:00001270       .3
 0002:00001010       .3
 0002:000012C0       .3
 0002:000012D0       .4
 0002:00001220       .4
 0002:0000123C       .4
 0002:00001170       .4
 0002:00001280       .4
 0002:00001118       .5
 0002:00001224       .5
 0002:000010DC       .5
 0002:000010CC       .5
 0002:000010D8       .7
 0002:00001230       .7
 0002:00001194       .7
 0002:0000116C       .8
 0002:000010F8       .8
 0002:000012A8       .81
 0001:00041FC0       @GetPackageInfoTable
 0001:00000450       @InitPkg
 0001:00041FC8       @PackageLoad
 0001:000004B4       @PackageLoad
 0001:000004C0       @PackageUnload
 0001:00041FD4       @PackageUnload
 0002:00001044       AccessLevel
 0002:00001098       ActivateDog
 0002:000010E8       ActiveAlarms
 0002:000010E4       Alarms
 0002:000010C0       AlarmTable
 0001:00002DC8       AlarmTblU
 0001:00006EE0       AlarmU
 0001:00000350       AllocTlsBuffer
 0002:000011CC       AlTrgFrm
 0002:000011C0       AnalogGraph
 0001:00020078       AnalogpropGraphic
 0002:00001200       ArmatBmEditorFrm
 0002:000011F0       ArmatVlEditorFrm
 0001:0001BC10       AvPr
 0001:00031120       BCDtoBIN
 0001:00000D20       Beep
 0001:00031170       BINtoBCD
 0001:00000E08       BitBlt
 0002:00001254       block
 0001:000313D8       byteToHexASCII
 0001:00004980       CalcU1
 0001:00013834       CalculateGradientBand
 0001:00000E30       CallWindowProc
 0002:0000010C       CanAlarmed
 0001:00000D28       ClearCommError
 0001:00000D30       CloseHandle
 0001:0002AA94       ColorDBGrid
 0001:0002B1B8       ColorStringGrid
 0001:000011A4       CommCtrl
 0001:00001A2C       CommDlg
 0001:0002BD9C       CommForm
 0002:00001228       CommFrm
 0001:0002F4B8       Comms
 0001:0003C224       CompeareFormmanager
 0001:0003C1F0       CompeareTubeCol
 0002:00001054       ComputerName
 0002:00001060       ComputerNameArr
 0002:00001070       ComputerNameLen
 0001:00002478       ConstDef
 0001:00031284       convFunc
 0001:0003E8DC       CopyEx
 0001:000314C8       CRC
 0001:0000A7F8       CreateAndInitExpretion
 0001:00005C1C       CreateAndInitParamControl
 0001:00000E38       CreateCaret
 0001:00000D38       CreateEvent
 0001:00000D40       CreateFile
 0001:00000D48       CreateFileMapping
 0002:0000104C       CurrantKey
 0002:000010B4       CurrentLogin
 0001:0001B2E8       DataGraphcModul
 0002:00001198       DataModule1
 0001:000022C0       DateToFileName
 0002:00001240       debug
 0001:00030D18       debugClasses
 0001:00000E40       DefWindowProc
 0002:00000038       deltareserver
 0001:00000E48       DestroyCaret
 0001:00001A64       Dlgs
 0001:00013D4C       DoDrawText
 0002:0000109C       DogStart
 0002:00000034       DogTime
 0001:00018904       DPoint
 0001:00000E50       DrawEdge
 0001:00000E58       DrawFocusRect
 0001:00000E60       DrawText
 0001:00015908       dxButton
 0001:00013FA0       dxCore
 0001:00013958       dxCreateGradientRect
 0001:000137A0       dxDrawBoundLines
 0001:00013748       dxDrawLine
 0001:00013EB4       dxPlaceText
 0001:00013D80       dxRenderText
 0001:00013E88       dxSetDrawFlags
 0002:000010D0       EditEditorFrm
 0001:00000D50       EscapeCommFunction
 0001:000003FC       ExitProcessTLS
 0001:000003D4       ExitThreadTLS
 0001:0000B1B4       Expr
 0001:00000E10       ExtTextOut
 0001:000071A0       FillGridFromCSV
 0001:00010ED4       Finalization
 0001:00021FF8       Finalization
 0001:00007D78       Finalization
 0001:00007D40       Finalization
 0001:00021DD8       Finalization
 0001:00022A8C       Finalization
 0001:0002311C       Finalization
 0001:00023568       Finalization
 0001:00023AFC       Finalization
 0001:000241C0       Finalization
 0001:000244E4       Finalization
 0001:00020048       Finalization
 0001:00006EB0       Finalization
 0001:00025630       Finalization
 0001:00025854       Finalization
 0001:0001FADC       Finalization
 0001:00025DB4       Finalization
 0001:000275A0       Finalization
 0001:0001F420       Finalization
 0001:00027914       Finalization
 0001:00028FB4       Finalization
 0001:000292F8       Finalization
 0001:00005CF0       Finalization
 0001:0001EDD0       Finalization
 0001:00029E84       Finalization
 0001:0002AA64       Finalization
 0001:0002B188       Finalization
 0001:0002B8A0       Finalization
 0001:0002BD6C       Finalization
 0001:0001E4C4       Finalization
 0001:0002F488       Finalization
 0001:00010D6C       Finalization
 0001:0002F708       Finalization
 0001:0001D418       Finalization
 0001:00030AD0       Finalization
 0001:0000A724       Finalization
 0001:00004C04       Finalization
 0001:00004938       Finalization
 0001:00010A74       Finalization
 0001:00030CDC       Finalization
 0001:0001BBE0       Finalization
 0001:0000FA24       Finalization
 0001:00031254       Finalization
 0001:0001B2B8       Finalization
 0001:00031FA8       Finalization
 0001:00032AA8       Finalization
 0001:0001A818       Finalization
 0001:00032D70       Finalization
 0001:00033F4C       Finalization
 0001:0000F750       Finalization
 0001:00034624       Finalization
 0001:0000B184       Finalization
 0001:000354B8       Finalization
 0001:00002D7C       Finalization
 0001:00035818       Finalization
 0001:000112FC       Finalization
 0001:00002568       Finalization
 0001:0000B440       Finalization
 0001:00035BDC       Finalization
 0001:00017E20       Finalization
 0001:000179E0       Finalization
 0001:00036860       Finalization
 0001:000173E8       Finalization
 0001:00036A98       Finalization
 0001:0000243C       Finalization
 0001:00016C84       Finalization
 0001:00037520       Finalization
 0001:0000EBE0       Finalization
 0001:00001AC4       Finalization
 0001:00001A34       Finalization
 0001:000019FC       Finalization
 0001:00039974       Finalization
 0001:000019C4       Finalization
 0001:000016E4       Finalization
 0001:000016AC       Finalization
 0001:00039E64       Finalization
 0001:00001674       Finalization
 0001:0000163C       Finalization
 0001:0003A8DC       Finalization
 0001:00001604       Finalization
 0001:0000150C       Finalization
 0001:00001174       Finalization
 0001:0000E66C       Finalization
 0001:00000F34       Finalization
 0001:00000EEC       Finalization
 0001:0003C5D0       Finalization
 0001:0003CE54       Finalization
 0001:00016A6C       Finalization
 0001:0003D1BC       Finalization
 0001:0000E3E8       Finalization
 0001:00016308       Finalization
 0001:0003D810       Finalization
 0001:00015C48       Finalization
 0001:0003DEB8       Finalization
 0001:000404F0       Finalization
 0001:00040CA4       Finalization
 0001:000158D8       Finalization
 0001:0000DE04       Finalization
 0001:00013F70       Finalization
 0001:00040EA4       Finalization
 0001:000004CC       Finalization
 0001:0000DAEC       Finalization
 0001:0000D41C       Finalization
 0001:000415D4       Finalization
 0001:0000BE28       Finalization
 0001:00041918       Finalization
 0001:0000D1AC       Finalization
 0001:00011F98       Finalization
 0001:0000C31C       Finalization
 0001:00011BD4       Finalization
 0002:000010A8       FirstTime
 0001:00040520       FloatEdits
 0002:00000110       FN
 0002:00001250       FormExpr
 0001:0000E418       FormManager
 0002:00001180       formQ
 0002:0000108C       FormsDir
 0001:00000318       FreeLibrary
 0002:00001284       frmRegSetup
 0001:00036AC8       frmRegSetupU
 0002:000012C8       frmShowTegs
 0001:00040ED4       frmShowTegsU
 0001:0002B8D0       GenAlg
 0001:00000D58       GetCommModemStatus
 0001:00000D60       GetCommState
 0001:00000D68       GetComputerName
 0001:00000E68       GetCursorPos
 0001:00000D70       GetFileSize
 0001:00004504       GetFirstElement
 0001:00018924       GetHalfColor
 0001:00000E70       GetKeyState
 0001:00000D78       GetLastError
 0001:00000D80       GetOverlappedResult
 0001:00004218       GetSeparatorPos
 0001:0000035C       GetTlsSize
 0001:0002C9F4       GetTOValue
 0001:0002FC6C       GetTOValue
 0001:000070B8       GetWord
 0001:00000D88       GlobalLock
 0002:00001084       GlobalPicturePath
 0001:00000D90       GlobalUnlock
 0001:000025F4       GlobalValue
 0001:00007DA8       GlobalVar
 0002:000010EC       Groups
 0001:00007D70       GroupsU
 0001:00031368       HexCode
 0001:00030E38       HexStringToInteger
 0001:000311FC       HexToOct
 0002:00001004       HInstance
 0002:000012B0       i
 0001:00033F7C       Imit
 0002:0000125C       ImitEditForm
 0001:00032DA0       ImitEditFrm
 0001:00041948       imitsh
 0001:0000153C       Imm
 0001:00040CD4       IMMIAlarmActive
 0001:00022ABC       IMMIAlarmTriangle
 0001:00022028       IMMIAlTrgEditorU
 0002:000011B8       IMMIAnalogProp
 0001:0001FB0C       IMMIAnalogPropU
 0001:000275D0       IMMIArmatBm
 0001:00025DE4       IMMIArmatBMEditorU
 0001:000241F0       IMMIArmatCtrl
 0001:00028FE4       IMMIArmatura
 0001:00025660       IMMIArmatVl
 0001:00024514       IMMIArmatVlEditorU
 0001:00017418       IMMIBitBtn
 0001:0003DEE8       ImmiButton
 0001:00016338       ImmibuttonXp
 0001:00029328       IMMIColorLabelU
 0001:00010F04       IMMIControls
 0001:00004C34       IMMIEditEditorU
 0001:0000F780       IMMIEditReal
 0002:000011B0       IMMIForm
 0002:0000128C       IMMIFormRegul
 0001:0001F450       IMMIFormU
 0001:00036890       IMMIformx
 0001:00025884       IMMIGoU
 0001:00029EB4       IMMIGridU
 0001:00035848       IMMIGroupBoxU
 0001:00010D9C       IMMIImage
 0001:00011C04       IMMIImg
 0001:00011FC8       IMMIImg1
 0001:0001132C       IMMIImgEditorU
 0001:0003D840       IMMIImgf
 0002:0000115C       IMMIImgForm
 0001:0000B470       IMMILabelEditorU
 0001:00021E08       IMMILabelFullU
 0001:0001EE00       IMMILabelU
 0001:00015C78       IMMIPanelU
 0001:0000C34C       IMMIPropertysEditorU
 0002:00001110       IMMIPropertysForm
 0001:0000D1DC       IMMIPropertysU
 0001:0003C600       IMMIReg
 0001:000399A4       IMMIRegul
 0001:00035C0C       IMMIRegulEditF
 0001:00037550       IMMIRegulU
 0001:0001E4F4       IMMIScope
 0001:00010AA4       IMMIShape
 0001:0000FA54       IMMIShapeEditorU
 0001:0000DE34       IMMISpeedBtnEditor
 0001:00016A9C       IMMISpeedButton
 0001:0002314C       ImmiSyButton
 0001:0000DB1C       IMMITrackBar
 0001:0000D44C       IMMITrackBEditorU
 0001:000354E8       IMMITube
 0001:00034654       IMMITubeEditorU
 0002:00001268       IMMITubeForm
 0002:00001108       ImmiValueEntryFrm
 0001:0000BE58       IMMIValueEntryFrmU
 0001:00017E50       IMMIValueEntryU
 0001:00000E78       InflateRect
 0001:00000420       InitializeModule
 0001:000003A8       InitProcessTLS
 0001:00000364       InitThreadTLS
 0001:00030FA8       IntegerToHexString
 0001:0003107C       IntegerToOctString
 0001:00000E80       InvalidateRect
 0002:00001058       isActivate
 0001:000047C8       isFloat
 0002:00001100       LabelEditorFrm
 0001:0002FC50       LastErr
 0001:0002C9D8       LastErr
 0002:000010A4       lastUpdate
 0001:00000320       LocalAlloc
 0001:00000328       LocalFree
 0001:0000E69C       LoginError
 0002:00001134       LoginErrorForm
 0002:000010B1       looR
 0001:000082DC       MappedFile.Create
 0001:00008444       MappedFile.Destroy
 0001:00008534       MappedFile.OpenMappedFile
 0001:00008614       MappedFile.OpenMappedMemory
 0001:00000D98       MapViewOfFile
 0002:000010C8       MathStack
 0001:000188D0       Max
 0002:00000114       MaxBlockSize
 0001:0000A754       MemStructsU
 0001:00000E88       MessageBox
 0001:00000F64       Messages
 0001:00041604       MessageScreen
 0001:0001889C       Min
 0002:00000008       Module
 0002:00001000       ModuleIsLib
 0002:00001001       ModuleIsPackage
 0001:00000DA0       MulDiv
 0002:00001234       MyCommForm
 0001:0002F738       MyCommFrm
 0001:00030B00       MyComms
 0001:00041FE0       MyComponent3
 0001:00030D34       OctStringToInteger
 0001:000311AC       OctToHex
 0001:00000E90       OffsetRect
 0002:000012A0       OKBottomDlgForm
 0002:00001048       OperatorName
 0002:000010B8       PackageIni
 0001:00005D20       ParamU
 0001:00000E18       PatBlt
 0002:00001078       PathEthSer
 0002:00001074       PathMem
 0002:0000107C       PathSer
 0001:00031FD8       PLCComPort
 0001:00000E98       PostMessage
 0002:00001298       PropTubeColor
 0001:00039E94       PropTubeColorU
 0001:00000EA0       PtInRect
 0002:00000004       PtrToNil
 0001:00000DA8       PurgeComm
 0001:00016CB4       QueryForm
 0001:00000DB0       ReadFile
 0001:00000E20       Rectangle
 0001:0003A90C       RedacOCForm
 0001:00036614       Register
 0001:0001EDA4       Register
 0001:00025824       Register
 0001:0003D7E0       Register
 0001:0001E498       Register
 0001:00010D40       Register
 0001:000278E4       Register
 0001:0001BF38       Register
 0001:00012CF8       Register
 0001:000404C0       Register
 0001:0003D18C       Register
 0001:0004076C       Register
 0001:000179B4       Register
 0001:000147F8       Register
 0001:00028F84       Register
 0001:0001BBB4       Register
 0001:000292C8       Register
 0001:0003C7CC       Register
 0001:00029E58       Register
 0001:0002AA38       Register
 0001:0002B15C       Register
 0001:0003C360       Register
 0001:00024190       Register
 0001:000415A4       Register
 0001:0001A814       Register
 0001:000418E8       Register
 0001:0000F668       Register
 0001:0000A6A0       Regrtitems
 0001:000016DC       RegStr
 0002:00001278       RegulEditF
 0002:000010AC       reserver
 0002:00000030       resolution
 0002:0000113C       RForm
 0001:00000ED0       RGB
 0001:00001AF4       RichEdit
 0002:000010F4       rtItems
 0001:00017A10       Ruler
 0002:00001088       SaveAnIn
 0001:00007358       SaveGridToCSV
 0001:0001A848       Scope
 0001:00000EA8       SendMessage
 0001:00002260       SendMessageBroadcast
 0002:00000040       SepArray
 0002:0000003C       SeparSet
 0001:0000A708       SetAcsessAdress
 0001:00000E28       SetBkMode
 0001:00000EB0       SetCaretPos
 0001:00000DB8       SetCommMask
 0001:00000DC0       SetCommState
 0001:00000DC8       SetCommTimeouts
 0001:00000DD0       SetEvent
 0001:00000EB8       SetKeyboardState
 0001:00000DD8       SetupComm
 0001:00000EC0       SetWindowLong
 0002:00001148       ShapeEditorFrm
 0001:00001714       ShellAPI
 0001:00001634       ShlObj
 0001:00000EC8       ShowCaret
 0002:00001128       SpeedBtnEditorFrm
 0001:0000EC10       sRegistrationForm
 0002:000010B0       staR
 0002:00001080       StartAcses
 0002:00001090       StartTime
 0002:000011E4       Switch2Form
 0001:00023B2C       Switch2FormU
 0002:000011DC       SwitchKnobForm
 0001:00023598       SwitchKnobFormU
 0001:0001D448       SYButton
 0001:000004FC       SysInit
 0001:00002348       TableExist
 0001:0000677C       tActiveAlarm.Create
 0001:000068AC       tActiveAlarm.CreateLocal
 0001:00006AD0       TactiveAlarms.Add
 0001:00006A7C       TactiveAlarms.Create
 0001:00006ABC       TactiveAlarms.GetItem
 0001:00006CB4       TactiveAlarms.isKvited
 0001:00006D08       TactiveAlarms.Kvit
 0001:00006B8C       TactiveAlarms.Remove
 0001:00006AB4       TactiveAlarms.SetItem
 0001:00006E2C       TactiveAlarms.WriteAlarm
 0001:00005F80       Talarm.Create
 0001:000060C0       Talarm.DefID
 0001:000061C4       Talarm.UpdateValue
 0001:00006638       TAlarms.DefID
 0001:000066D0       TAlarms.Destroy
 0001:000062D0       TAlarms.GetAlarm
 0001:00006578       TAlarms.GetID
 0001:000062E8       TAlarms.Init
 0001:00006730       TAlarms.Kvit
 0001:00006674       TAlarms.UpdateValue
 0001:000028F4       TAlarmTable.Create
 0001:00002A68       TAlarmTable.WriteAlarm
 0001:00020028       TAnalogGraph.SYButton1Click
 0001:000094F0       TAnalogMems.AddCommand
 0001:0000A640       TAnalogMems.ClearCommandExecuted
 0001:0000A09C       TAnalogMems.ConvertBase
 0001:00008DDC       TAnalogMems.Create
 0001:00009498       TAnalogMems.DecCounter
 0001:000096D4       TAnalogMems.Destroy
 0001:0000A414       TAnalogMems.FreeItem
 0001:0000A5EC       TAnalogMems.GetAlarmCase
 0001:0000A490       TAnalogMems.GetAlarmMsg
 0001:00009284       TAnalogMems.GetComment
 0001:00009FCC       TAnalogMems.GetCount
 0001:0000A46C       TAnalogMems.GetDDEItem
 0001:0000A510       TAnalogMems.GetEU
 0001:000093D0       TAnalogMems.GetID
 0001:000092F0       TAnalogMems.GetItem
 0001:0000A1DC       TAnalogMems.GetItemOffset
 0001:00009260       TAnalogMems.GetName
 0001:000092CC       TAnalogMems.GetOffMsg
 0001:000092A8       TAnalogMems.GetOnMsg
 0001:00009304       TAnalogMems.GetSimpleID
 0001:00009230       TAnalogMems.GetStringValue
 0001:0000945C       TAnalogMems.IncCounter
 0001:000091C4       TAnalogMems.isDiscret
 0001:00009170       TAnalogMems.isIdent
 0001:00009724       TAnalogMems.isValid
 0001:00009558       TAnalogMems.RegHandle
 0001:0000A4B4       TAnalogMems.SetAlarmMsg
 0001:0000A670       TAnalogMems.SetCommandExecuted
 0001:00009CB0       TAnalogMems.SetComment
 0001:00009FD4       TAnalogMems.SetCount
 0001:0000A590       TAnalogMems.SetDDEItem
 0001:0000A534       TAnalogMems.SetEU
 0001:00009C54       TAnalogMems.SetName
 0001:00009D68       TAnalogMems.SetOffMsg
 0001:00009D0C       TAnalogMems.SetOnMsg
 0001:00009DC4       TAnalogMems.SetStringValue
 0001:000094D4       TAnalogMems.SetValid
 0001:000095C0       TAnalogMems.SetValue
 0001:000095B4       TAnalogMems.UnRegHandle
 0001:0000A12C       TAnalogMems.writeBaseToFile
 0001:0000A1E8       TAnalogMems.WriteToFile
 0001:00025C28       TArmatBmEditorFrm.Image1Click
 0001:00025CAC       TArmatBmEditorFrm.Image2Click
 0001:00025D30       TArmatBmEditorFrm.Image3Click
 0001:00028018       TArmatStyle.Assign
 0001:00027FB0       TArmatStyle.Create
 0001:00028084       TArmatStyle.Destroy
 0001:00028054       TArmatStyle.SetBrush
 0001:00028074       TArmatStyle.SetParam
 0001:00028064       TArmatStyle.SetPen
 0001:0001B57C       TAvPr.Create
 0001:0001B634       TAvPr.Destroy
 0001:0001B688       TAvPr.ImmiInit
 0001:0001B73C       TAvPr.ImmiUnInit
 0001:0001B780       TAvPr.ImmiUpdate
 0001:0001B8E8       TAvPr.Paint
 0001:0001B9A8       TAvPr.revPaint
 0001:0001B998       TAvPr.setColor
 0001:0001B944       TAvPr.setnav
 0001:0001B960       TAvPr.setnpr
 0001:0001B928       TAvPr.setvav
 0001:0001B97C       TAvPr.setvpr
 0001:0001A414       TBufferedControl.BeginUpdate
 0001:0001A2F4       TBufferedControl.Create
 0001:0001A36C       TBufferedControl.Destroy
 0001:0001A3FC       TBufferedControl.Draw
 0001:0001A41C       TBufferedControl.EndUpdate
 0001:0001A298       TBufferedControl.FSetBackground
 0001:0001A2B0       TBufferedControl.Paint
 0001:0001A39C       TBufferedControl.SetBounds
 0001:0001A400       TBufferedControl.UpdateView
 0001:00003CFC       TCalcItem.Create
 0001:00004908       TCalcItem.Destroy
 0001:00003B4C       TCalcItem.GetValue
 0001:00003B34       TCalcItem.isSeparator
 0001:00003C8C       TCalcItem.setIdent
 0001:00004894       TCalcItemList.Destroy
 0001:000048C0       TCalcItemList.FreeObj
 0001:000048EC       TCalcItemList.GetCalcItem
 0001:00004900       TCalcItemList.SetCalcitem
 0001:000097E0       TCalcMems.AddItem
 0001:00009740       TCalcMems.Create
 0001:000099C4       TCalcMems.DecCounter
 0001:000098F4       TCalcMems.GetID
 0001:000097B4       TCalcMems.GetItem
 0001:000099AC       TCalcMems.IncCounter
 0001:000099E8       TCalcMems.isValid
 0001:000097C4       TCalcMems.SetItem
 0001:00004360       TCalculator.AddSeparator
 0001:00003F50       TCalculator.Calc
 0001:00003D90       TCalculator.Create
 0001:00003DF8       TCalculator.Destroy
 0001:000046B4       TCalculator.FillList
 0001:000042D8       TCalculator.FreeSeparators
 0001:00004208       TCalculator.GetSeparatorLevel
 0001:000044CC       TCalculator.SetConvertFunction
 0001:00003E90       TCalculator.TestError
 0001:00003E30       TCalculator.WriteExpretion
 0001:0003D1EC       TClockU
 0001:0002A044       TColorDBGrid.Create
 0001:0002A0A8       TColorDBGrid.DrawCell
 0001:0002A5E0       TColorDBGrid.DrawCellNew
 0001:0002AE68       TColorStringGrid.Create
 0001:0002AEF0       TColorStringGrid.Destroy
 0001:0002AF20       TColorStringGrid.DrawCell
 0001:0002B034       TColorStringGrid.GetRow
 0001:0002AF90       TColorStringGrid.GetRowCount
 0001:0002B040       TColorStringGrid.RemoveRow
 0001:0002B014       TColorStringGrid.SetRow
 0001:0002AF98       TColorStringGrid.SetRowCount
 0001:00009AC8       TCommandMems.AddItem
 0001:00009AB8       TCommandMems.ClearExecuted
 0001:00009C24       TCommandMems.Compress
 0001:00009A24       TCommandMems.Create
 0001:00009C2C       TCommandMems.Destroy
 0001:00009A04       TCommandMems.GetItem
 0001:00009AA8       TCommandMems.SetExecuted
 0001:0002BC48       TCommFrm.SpeedButton1Click
 0001:0002BC80       TCommFrm.SpeedButton2Click
 0001:0002BCB8       TCommFrm.SpeedButton3Click
 0001:0002BCF0       TCommFrm.SpeedButton4Click
 0001:0002EBB4       TComPort.AbortAllIO
 0001:0002D84C       TComPort.Close
 0001:0002F348       TComPort.ComString
 0001:0002D434       TComPort.Create
 0001:0002D588       TComPort.CreateHandle
 0001:0002D520       TComPort.Destroy
 0001:0002D654       TComPort.DestroyHandle
 0001:0002F318       TComPort.DoneOverlapped
 0001:0002F154       TComPort.DoOnBreak
 0001:0002F1C8       TComPort.DoOnCTS
 0001:0002F1F4       TComPort.DoOnDSR
 0001:0002F24C       TComPort.DoOnError
 0001:0002F178       TComPort.DoOnRing
 0001:0002F220       TComPort.DoOnRLSD
 0001:0002F2A4       TComPort.DoOnRx80Full
 0001:0002F128       TComPort.DoOnRxChar
 0001:0002F278       TComPort.DoOnRxFlag
 0001:0002F1A4       TComPort.DoOnTxEmpty
 0001:0002DF40       TComPort.HighCTS
 0001:0002DFF4       TComPort.HighDSR
 0001:0002E15C       TComPort.HighRing
 0001:0002E0A8       TComPort.HighRLSD
 0001:0002F2D0       TComPort.InitOverlapped
 0001:0002DDD0       TComPort.InQue
 0001:0002D770       TComPort.Open
 0001:0002DE88       TComPort.OutQue
 0001:0002EA88       TComPort.PendingIO
 0001:0002E7D0       TComPort.Read
 0001:0002E924       TComPort.ReadString
 0001:0002EF3C       TComPort.SetBaudRate
 0001:0002E210       TComPort.SetBreak
 0001:0002DCF4       TComPort.SetComm
 0001:0002EF68       TComPort.SetDataBits
 0001:0002D9CC       TComPort.SetDCB
 0001:0002EF94       TComPort.SetDiscardNull
 0001:0002E2D0       TComPort.SetDTR
 0001:0002EFC0       TComPort.SetEventChar
 0001:0002EFEC       TComPort.SetPort
 0001:0002F02C       TComPort.SetReadBufSize
 0001:0002E390       TComPort.SetRTS
 0001:0002F058       TComPort.SetStopBits
 0001:0002F0B0       TComPort.SetSyncMethod
 0001:0002D8C0       TComPort.SetTimeouts
 0001:0002DDAC       TComPort.SetupComPort
 0001:0002F084       TComPort.SetWriteBufSize
 0001:0002E450       TComPort.SetXonXoff
 0001:0002ECB8       TComPort.ShowPropForm
 0001:0002EAA8       TComPort.WaitForLastIO
 0001:0002D674       TComPort.WindowMethod
 0001:0002E510       TComPort.Write
 0001:0002E664       TComPort.WriteString
 0001:0002CA1C       TComThread.Create
 0001:0002CC20       TComThread.Destroy
 0001:0002CC5C       TComThread.DispatchComMsg
 0001:0002CE20       TComThread.DoEvents
 0001:0002CB48       TComThread.Execute
 0001:0002CCA4       TComThread.SendEvents
 0001:0002CC08       TComThread.Stop
 0001:0002FCF8       TComTimeouts.AssignTo
 0001:0002CF74       TComTimeouts.AssignTo
 0001:0002CF10       TComTimeouts.Create
 0001:0002FC94       TComTimeouts.Create
 0001:0002CFEC       TComTimeouts.SetReadInterval
 0001:0002FD70       TComTimeouts.SetReadInterval
 0001:0002D01C       TComTimeouts.SetReadTotalC
 0001:0002FDA0       TComTimeouts.SetReadTotalC
 0001:0002D04C       TComTimeouts.SetReadTotalM
 0001:0002FDD0       TComTimeouts.SetReadTotalM
 0001:0002D07C       TComTimeouts.SetWriteTotalC
 0001:0002FE00       TComTimeouts.SetWriteTotalC
 0001:0002D0AC       TComTimeouts.SetWriteTotalM
 0001:0002FE30       TComTimeouts.SetWriteTotalM
 0001:00040470       TDataFormat.Change
 0001:00040428       TDataFormat.Create
 0001:00040484       TDataFormat.SetFloatFormat
 0001:00040498       TDataFormat.SetPD
 0001:0001A930       TDataModule1.QueryExpr
 0001:0001AE84       TDataModule1.QueryPeriod
 0001:00030B98       TDebug.create
 0001:00030BDC       TDebug.Destroy
 0001:00030C20       TDebug.Log
 0001:00014F8C       TdxButton.ActionChange
 0001:00014C24       TdxButton.CMDialogKey
 0001:00014A50       TdxButton.Create
 0001:00014B84       TdxButton.Destroy
 0001:00014C1C       TdxButton.GetActionLinkClass
 0001:00014C08       TdxButton.GetVersion
 0001:00015010       TdxButton.HookResized
 0001:00014DA0       TdxButton.ImageListChange
 0001:00014F34       TdxButton.IsSpecialDrawState
 0001:00014E20       TdxButton.KeyDown
 0001:00014E70       TdxButton.KeyUp
 0001:00015110       TdxButton.Paint
 0001:00014CB4       TdxButton.SetAutoGray
 0001:00014CC8       TdxButton.SetDefault
 0001:00014CF0       TdxButton.SetGlyph
 0001:00014D08       TdxButton.SetHotTrack
 0001:00014D1C       TdxButton.SetLayout
 0001:00014D30       TdxButton.SetQuality
 0001:00014D50       TdxButton.SetShowAccelChar
 0001:00014D64       TdxButton.SetShowFocusRect
 0001:00014D78       TdxButton.SetSpacing
 0001:00014D8C       TdxButton.SetWordWrap
 0001:000149BC       TdxButtonActionLink.AssignClient
 0001:000149E0       TdxButtonActionLink.Destroy
 0001:00014A10       TdxButtonActionLink.IsImageIndexLinked
 0001:00014A14       TdxButtonActionLink.SetImageIndex
 0001:000147FC       TdxColors.Create
 0001:00014888       TdxColors.SetBackgroundFrom
 0001:000148A4       TdxColors.SetBackgroundTo
 0001:000148C0       TdxColors.SetBorderEdges
 0001:000148DC       TdxColors.SetBorderLine
 0001:000148F8       TdxColors.SetClickedFrom
 0001:00014914       TdxColors.SetClickedTo
 0001:00014930       TdxColors.SetFocusedFrom
 0001:0001494C       TdxColors.SetFocusedTo
 0001:00014968       TdxColors.SetHighlightFrom
 0001:00014984       TdxColors.SetHighlightTo
 0001:000149A0       TdxColors.SetHotTrack
 0001:00012CFC       TdxCustomComponent.Create
 0001:00012D70       TdxCustomComponent.GetVersion
 0001:00012D7C       TdxCustomComponent.SetAbout
 0001:00012DA4       TdxCustomComponent.SetVersion
 0001:000133F0       TdxCustomControl.Click
 0001:000131C4       TdxCustomControl.CMDialogChar
 0001:00013268       TdxCustomControl.CMEnabledChanged
 0001:00013288       TdxCustomControl.CMFocusChanged
 0001:000132A8       TdxCustomControl.CMMouseEnter
 0001:000132C8       TdxCustomControl.CMMouseLeave
 0001:000132E8       TdxCustomControl.CMParentColorChanged
 0001:00013308       TdxCustomControl.CMTextChanged
 0001:00012FC0       TdxCustomControl.Create
 0001:0001308C       TdxCustomControl.Destroy
 0001:00013170       TdxCustomControl.GetStyleTheme
 0001:00013164       TdxCustomControl.GetVersion
 0001:00013414       TdxCustomControl.HookEnabledChanged
 0001:00013424       TdxCustomControl.HookFocusedChanged
 0001:000134EC       TdxCustomControl.HookMouseDown
 0001:00013480       TdxCustomControl.HookMouseEnter
 0001:000134B4       TdxCustomControl.HookMouseLeave
 0001:000134E8       TdxCustomControl.HookMouseMove
 0001:00013524       TdxCustomControl.HookMouseUp
 0001:0001357C       TdxCustomControl.HookParentColorChanged
 0001:0001358C       TdxCustomControl.HookResized
 0001:00013590       TdxCustomControl.HookTextChanged
 0001:000131AC       TdxCustomControl.LockUpdate
 0001:00013368       TdxCustomControl.MouseDown
 0001:000133A8       TdxCustomControl.MouseUp
 0001:000130C4       TdxCustomControl.Notification
 0001:000130FC       TdxCustomControl.SetAbout
 0001:00013124       TdxCustomControl.SetStyleManager
 0001:00013184       TdxCustomControl.SetVersion
 0001:000131B4       TdxCustomControl.UnlockUpdate
 0001:00013328       TdxCustomControl.WMMouseMove
 0001:00013348       TdxCustomControl.WMSize
 0001:000135A0       TdxGradient.Create
 0001:0001360C       TdxGradient.Destroy
 0001:0001363C       TdxGradient.RecreateBands
 0001:00013694       TdxGradient.SetColorSteps
 0001:0001366C       TdxGradient.SetDithered
 0001:000136BC       TdxGradient.SetEnabled
 0001:000136D0       TdxGradient.SetEndColor
 0001:000136F8       TdxGradient.SetGradientStyle
 0001:00013720       TdxGradient.SetStartColor
 0001:00012DCC       TdxStyleManager.Create
 0001:00012ED4       TdxStyleManager.Destroy
 0001:00012F3C       TdxStyleManager.GetVersion
 0001:00012F08       TdxStyleManager.InvalidateControls
 0001:00012F70       TdxStyleManager.RegisterControl
 0001:00012F60       TdxStyleManager.SetTheme
 0001:00012F90       TdxStyleManager.UnregisterControl
 0001:0000ABC8       TExpretion.AddIdentList
 0001:0000A97C       TExpretion.Assign
 0001:0000A99C       TExpretion.ConvertIdentifier
 0001:0000A8B0       TExpretion.Create
 0001:0000A8EC       TExpretion.destroy
 0001:0000A91C       TExpretion.GetIsTrue
 0001:0000A96C       TExpretion.GetValidLevel
 0001:0000A938       TExpretion.GetValue
 0001:0000AD0C       TExpretion.ImmiInit
 0001:0000AEC4       TExpretion.ImmiUnInit
 0001:0000AF20       TExpretion.ImmiUpdate
 0001:0000AF38       TExpretion.ReplaceIdent
 0001:0000B150       TExpretion.SetExpr
 0001:0000A974       TExpretion.SetValidLevel
 0001:0000A954       TExpretion.SetValue
 0001:0000FE34       TFillRec.Assign
 0001:0000FDF0       TFillRec.Create
 0001:0003F3A0       TFloatEdit.CanConvert
 0001:0003E86C       TFloatEdit.CMColorChanged
 0001:0003F7F8       TFloatEdit.CMEnter
 0001:0003F830       TFloatEdit.CMExit
 0001:0003E874       TFloatEdit.CMFontChanged
 0001:0003F8E4       TFloatEdit.CNKeyDown
 0001:0003F4A8       TFloatEdit.Convert
 0001:0003E720       TFloatEdit.Create
 0001:0003F1DC       TFloatEdit.DataFormatChange
 0001:0003E82C       TFloatEdit.Destroy
 0001:0003EE0C       TFloatEdit.DrawCursor
 0001:0003F600       TFloatEdit.GetData
 0001:0003E890       TFloatEdit.Invalidate
 0001:0003F8A8       TFloatEdit.KeyDataToShiftState
 0001:0003E94C       TFloatEdit.Paint
 0001:0003E864       TFloatEdit.Resize
 0001:0003F7A4       TFloatEdit.SelectAll
 0001:0003F7E8       TFloatEdit.SetAutoSelect
 0001:0003F134       TFloatEdit.SetBorderStyle
 0001:0003F2A4       TFloatEdit.SetCurPos
 0001:0003F524       TFloatEdit.SetData
 0001:0003F308       TFloatEdit.SetDecimalSeparator
 0001:0003F2E4       TFloatEdit.SetDefDecSep
 0001:0003F168       TFloatEdit.SetOnlyInt
 0001:0003F73C       TFloatEdit.SetSelLength
 0001:0003F708       TFloatEdit.SetSelStart
 0001:0003F61C       TFloatEdit.SetText
 0001:0003F884       TFloatEdit.WMKillFocus
 0001:00040208       TFloatEdit.WMLButtonDown
 0001:000403F0       TFloatEdit.WMLButtonUp
 0001:00040414       TFloatEdit.WMMouseLeave
 0001:00040398       TFloatEdit.WMMouseMove
 0001:0004037C       TFloatEdit.WMRButtonDown
 0001:0003F858       TFloatEdit.WMSetFocus
 0001:0002D120       TFlowControl.AssignTo
 0001:0002D0DC       TFlowControl.Create
 0001:0002D1A4       TFlowControl.SetControlDtr
 0001:0002D1D4       TFlowControl.SetControlRts
 0001:0002D204       TFlowControl.SetOutCtsFlow
 0001:0002D234       TFlowControl.SetOutDsrFlow
 0001:0002D264       TFlowControl.SetXonXoffIn
 0001:0002D294       TFlowControl.SetXonXoffOut
 0001:00032890       TFormExpr.Button1Click
 0001:00032884       TFormExpr.Button2Click
 0001:00032A2C       TFormExpr.ComboBox1Change
 0001:00032950       TFormExpr.ComboBox1Select
 0001:00032A38       TFormExpr.ComboBox2Select
 0001:000323B8       TFormExpr.Execute
 0001:000329C0       TFormExpr.FormCreate
 0001:00032A08       TFormExpr.FormDestroy
 0001:00032724       TFormExpr.SpeedButton1Click
 0001:00032638       TFormExpr.SpeedButton2Click
 0001:000326AC       TFormExpr.SpeedButton3Click
 0001:0003279C       TFormExpr.SpeedButton4Click
 0001:00032810       TFormExpr.SpeedButton5Click
 0001:0003289C       TFormExpr.SpeedButton6Click
 0001:000328B8       TFormExpr.StringGrid1SelectCell
 0001:00032A28       TFormExpr.update
 0001:0000E058       TFormManager.Activate
 0001:0000E360       TFormManager.Assign
 0001:0000DFCC       TFormManager.create
 0001:0000E020       TFormManager.destroy
 0001:0003D490       TFormManagment.create
 0001:0003D4F8       TFormManagment.destroy
 0001:0002ADF4       TGridRow.Assign
 0001:0002ADB0       TGridRow.Create
 0001:0002AE5C       TGridRows.Add
 0001:0002AE48       TGridRows.GetItem
 0001:0002AE28       TGridRows.SetItem
 0001:000074BC       TGroups.Add
 0001:000074D8       TGroups.Add
 0001:00007590       TGroups.Create
 0001:0000760C       TGroups.DeleteGroup
 0001:000076A0       TGroups.Destroy
 0001:000076F0       TGroups.FillStrings
 0001:00007720       TGroups.Get
 0001:00007734       TGroups.GetAppbyNum
 0001:00007780       TGroups.GetFreeNum
 0001:000077D4       TGroups.GetIdxName
 0001:00007850       TGroups.GetNamebyNum
 0001:0000789C       TGroups.GetNumbyName
 0001:00007924       TGroups.GetSlavebyNum
 0001:0000796C       TGroups.loadFromFile
 0001:00007BAC       TGroups.Put
 0001:00007BB4       TGroups.SaveToFile
 0001:00008680       THeaderedMem.Create
 0001:0000871C       THeaderedMem.GetCount
 0001:0000875C       THeaderedMem.GetCurLine
 0001:0000874C       THeaderedMem.GetFirstNumber
 0001:0000873C       THeaderedMem.GetLastNumber
 0001:0000872C       THeaderedMem.GetMaxCount
 0001:00008724       THeaderedMem.SetCount
 0001:00008764       THeaderedMem.SetCurLine
 0001:00008754       THeaderedMem.SetFirstNumber
 0001:00008744       THeaderedMem.SetLastNumber
 0001:00008734       THeaderedMem.SetMaxCount
 0001:000332D8       TImit.CalcSizes
 0001:00033018       TImit.Create
 0001:00033234       TImit.Destroy
 0001:00033ED4       TImit.fshpOffMouseDown
 0001:00033F10       TImit.fshpOnMouseDown
 0001:0003369C       TImit.fshpqOffMouseDown
 0001:00033634       TImit.fshpqOnMouseDown
 0001:0003364C       TImit.fshpStopMouseDown
 0001:00033794       TImit.ImmiInit
 0001:00033890       TImit.ImmiUnInit
 0001:000338E4       TImit.ImmiUpdate
 0001:00033EA8       TImit.SetCaption
 0001:000336B4       TImit.SetOff
 0001:000336EC       TImit.SetOn
 0001:00033724       TImit.SetqOff
 0001:0003375C       TImit.SetqOn
 0001:00033664       TImit.SetStop
 0001:00033C38       TImit.ShowPropForm
 0001:00033E9C       TImit.ShowPropFormMsg
 0001:000332B8       TImit.WMSize
 0001:0003C13C       TImitEditor.ExecuteVerb
 0001:0003C1B4       TImitEditor.GetVerb
 0001:0003C1E8       TImitEditor.GetVerbCount
 0001:00041730       timitsh.Create
 0001:000417F0       timitsh.Destroy
 0001:00041824       timitsh.ImmiHd
 0001:00040798       TIMMIAlarmActive.AlarmChange
 0001:000409C8       TIMMIAlarmActive.Create
 0001:00040C68       TIMMIAlarmActive.destroy
 0001:00040C40       TIMMIAlarmActive.ImmiInit
 0001:00040C50       TIMMIAlarmActive.ImmiUnInit
 0001:00040C5C       TIMMIAlarmActive.ImmiUpdate
 0001:00040B88       TIMMIAlarmActive.MouseClick
 0001:00040BB8       TIMMIAlarmActive.WMSize
 0001:00040C24       TIMMIAlarmActive.WM_VSCROLL
 0001:0002246C       TIMMIAlarmTriangle.Create
 0001:00022844       TIMMIAlarmTriangle.ImmiBlinkOff
 0001:00022830       TIMMIAlarmTriangle.ImmiBlinkOn
 0001:00022720       TIMMIAlarmTriangle.ImmiInit
 0001:00022858       TIMMIAlarmTriangle.ImmiUpdate
 0001:0002256C       TIMMIAlarmTriangle.Paint
 0001:000224F0       TIMMIAlarmTriangle.SetAMode
 0001:00022550       TIMMIAlarmTriangle.SetAOrient
 0001:00022518       TIMMIAlarmTriangle.SetAState
 0001:000224D4       TIMMIAlarmTriangle.SetAType
 0001:0002291C       TIMMIAlarmTriangle.ShowPropForm
 0001:00022A10       TIMMIAlarmTriangle.ShowPropFormMsg
 0001:0003B4A8       TIMMIAlTrgEditor.ExecuteVerb
 0001:0003B508       TIMMIAlTrgEditor.GetVerb
 0001:0003B53C       TIMMIAlTrgEditor.GetVerbCount
 0001:0001F968       TIMMIAnalogProp.FormCreate
 0001:0001F98C       TIMMIAnalogProp.show
 0001:0001FABC       TIMMIAnalogProp.SYButton1Click
 0001:00028564       TIMMIArmat.Click
 0001:000280C8       TIMMIArmat.Create
 0001:00028CE4       TIMMIArmat.defineSizes
 0001:00028F38       TIMMIArmat.Destroy
 0001:000288D0       TIMMIArmat.DrawVentHor
 0001:00028D80       TIMMIArmat.Init
 0001:00028598       TIMMIArmat.Paint
 0001:0002827C       TIMMIArmat.SetArmatMode
 0001:0002829C       TIMMIArmat.SetArmatOrient
 0001:00028254       TIMMIArmat.SetArmatType
 0001:000288C0       TIMMIArmat.SetErrorStyle
 0001:000288B0       TIMMIArmat.SetOffStyle
 0001:000288A0       TIMMIArmat.SetOnStyle
 0001:00028894       TIMMIArmat.StyleChanged
 0001:00028E1C       TIMMIArmat.UnInit
 0001:00028E64       TIMMIArmat.UpdateValue
 0001:000283CC       TIMMIArmat.Valve1Click
 0001:000282C4       TIMMIArmat.VentClick
 0001:000274D8       TIMMIArmatBm.Click
 0001:00026230       TIMMIArmatBm.Create
 0001:00026330       TIMMIArmatBm.Destroy
 0001:0002658C       TIMMIArmatBm.ImmiBlinkOff
 0001:00026560       TIMMIArmatBm.ImmiBlinkOn
 0001:000263B0       TIMMIArmatBm.ImmiInit
 0001:000264A4       TIMMIArmatBm.ImmiUnInit
 0001:000264D8       TIMMIArmatBm.ImmiUpdate
 0001:000265F8       TIMMIArmatBm.SetMode
 0001:000265E8       TIMMIArmatBm.SetPictureErr
 0001:000265D8       TIMMIArmatBm.SetPictureOff
 0001:000265B8       TIMMIArmatBm.SetPictureOn
 0001:00026618       TIMMIArmatBm.SetState
 0001:00026670       TIMMIArmatBm.ShowPropForm
 0001:00027518       TIMMIArmatBm.ShowPropFormMsg
 0001:00026FD4       TIMMIArmatBm.Valve1Click
 0001:00026974       TIMMIArmatBm.VentClick
 0001:0003B67C       TIMMIArmatBmEditor.ExecuteVerb
 0001:0003B6DC       TIMMIArmatBmEditor.GetVerb
 0001:0003B710       TIMMIArmatBmEditor.GetVerbCount
 0001:00024120       TIMMIArmatCtrl.Click
 0001:00023DAC       TIMMIArmatCtrl.Create
 0001:00023DF8       TIMMIArmatCtrl.Destroy
 0001:00024150       TIMMIArmatCtrl.Paint
 0001:00023F60       TIMMIArmatCtrl.Valve1Click
 0001:00023E24       TIMMIArmatCtrl.VentClick
 0001:000252E4       TIMMIArmatVl.Click
 0001:000248AC       TIMMIArmatVl.Create
 0001:00024974       TIMMIArmatVl.Destroy
 0001:00024BAC       TIMMIArmatVl.ImmiBlinkOff
 0001:00024B80       TIMMIArmatVl.ImmiBlinkOn
 0001:000249D0       TIMMIArmatVl.ImmiInit
 0001:00024AC4       TIMMIArmatVl.ImmiUnInit
 0001:00024AF8       TIMMIArmatVl.ImmiUpdate
 0001:00024BD8       TIMMIArmatVl.Paint
 0001:00024E14       TIMMIArmatVl.SetMode
 0001:00024E4C       TIMMIArmatVl.SetOrient
 0001:00024E34       TIMMIArmatVl.SetState
 0001:00025314       TIMMIArmatVl.ShowPropForm
 0001:000255A8       TIMMIArmatVl.ShowPropFormMsg
 0001:0002506C       TIMMIArmatVl.Valve1Click
 0001:00024E68       TIMMIArmatVl.VentClick
 0001:0003B5E0       TIMMIArmatVlEditor.ExecuteVerb
 0001:0003B640       TIMMIArmatVlEditor.GetVerb
 0001:0003B674       TIMMIArmatVlEditor.GetVerbCount
 0001:00016EA0       TIMMIBitBtn.Create
 0001:000173AC       TIMMIBitBtn.Destroy
 0001:00016F48       TIMMIBitBtn.ImmiInit
 0001:00016F58       TIMMIBitBtn.ImmiUnInit
 0001:00016F64       TIMMIBitBtn.ImmiUpdate
 0001:00016F88       TIMMIBitBtn.OnMouseDownProc
 0001:00016FBC       TIMMIBitBtn.OnMouseUpProc
 0001:000171E0       TIMMIBitBtn.ShowPropForm
 0001:00017324       TIMMIBitBtn.ShowPropFormMsg
 0001:0003DA00       TImmiButton.Create
 0001:0003DE84       TImmiButton.Destroy
 0001:0003DA84       TImmiButton.ImmiInit
 0001:0003DA98       TImmiButton.ImmiUnInit
 0001:0003DAA8       TImmiButton.ImmiUpdate
 0001:0003DAD0       TImmiButton.OnMouseDownProc
 0001:0003DCF4       TImmiButton.ShowPropForm
 0001:0003DDFC       TImmiButton.ShowPropFormMsg
 0001:00015E64       TImmiButtonXp.Create
 0001:000162D8       TImmiButtonXp.Destroy
 0001:00015EE4       TImmiButtonXp.ImmiInit
 0001:00015EF4       TImmiButtonXp.ImmiUnInit
 0001:00015F00       TImmiButtonXp.ImmiUpdate
 0001:00015F24       TImmiButtonXp.OnMouseDownProc
 0001:00016148       TImmiButtonXp.ShowPropForm
 0001:00016250       TImmiButtonXp.ShowPropFormMsg
 0001:000291D0       TIMMIColorLabel.Create
 0001:0002921C       TIMMIColorLabel.Destroy
 0001:00029250       TIMMIColorLabel.ImmiInit
 0001:00029278       TIMMIColorLabel.ImmiUnInit
 0001:00029288       TIMMIColorLabel.ImmiUpdate
 0001:0003B8EC       TIMMIEditEditor.ExecuteVerb
 0001:0003B94C       TIMMIEditEditor.GetVerb
 0001:0003B980       TIMMIEditEditor.GetVerbCount
 0001:0000EDE8       TIMMIEditReal.Create
 0001:0000F698       TIMMIEditReal.Destroy
 0001:0000EE74       TIMMIEditReal.ImmiInit
 0001:0000EE84       TIMMIEditReal.ImmiUnInit
 0001:0000EEBC       TIMMIEditReal.ImmiUpdate
 0001:0000EFA8       TIMMIEditReal.OnEnterProc
 0001:0000F160       TIMMIEditReal.OnExitProc
 0001:0000EF70       TIMMIEditReal.OnKeyPressProc
 0001:0000F370       TIMMIEditReal.ShowPropForm
 0001:0000F6C8       TIMMIEditReal.ShowPropFormMsg
 0001:0003BF58       TIMMIExprStringProperty.AllEqual
 0001:0003BEA0       TIMMIExprStringProperty.Edit
 0001:0003BE7C       TIMMIExprStringProperty.GetAttributes
 0001:0001F128       TIMMIForm.FormClose
 0001:0001F0AC       TIMMIForm.FormCreate
 0001:0001F07C       TIMMIForm.Hide
 0001:0001EFFC       TIMMIForm.IMMIBlinkOff
 0001:0001EFF4       TIMMIForm.IMMIBlinkOn
 0001:0001EFEC       TIMMIForm.IMMIUpdate
 0001:0001F284       TIMMIForm.LoadFromFile
 0001:0001F134       TIMMIForm.SaveToFile
 0001:0001F418       TIMMIForm.SetPicture
 0001:0001F004       TIMMIForm.Show
 0001:0001F040       TIMMIForm.ShowModal
 0001:0001F09C       TIMMIForm.UpdateValue
 0001:000365FC       TIMMIFormExt.BackBitmapChanged
 0001:000360D8       TIMMIFormExt.Create
 0001:00036340       TIMMIFormExt.Destroy
 0001:000363E0       TIMMIFormExt.FormHandle
 0001:00036640       TIMMIFormExt.FormHide
 0001:0003666C       TIMMIFormExt.FormShow
 0001:000363F8       TIMMIFormExt.NewWndMethod
 0001:00036800       TIMMIFormExt.PopMenuBringToFront
 0001:00036830       TIMMIFormExt.PopMenuSendToBack
 0001:000366C0       TIMMIFormExt.SaveOwnerForm
 0001:000365EC       TIMMIFormExt.SetBackBitmap
 0001:0003C010       TIMMIFormManagerProperty.AllEqual
 0001:0003C064       TIMMIFormManagerProperty.Edit
 0001:0003BFEC       TIMMIFormManagerProperty.GetAttributes
 0001:000371B0       TIMMIFormRegul.Button1Click
 0001:00037504       TIMMIFormRegul.FormClose
 0001:00037180       TIMMIFormRegul.FormCreate
 0001:00037310       TIMMIFormRegul.IMMISpeedButton1Click
 0001:00037364       TIMMIFormRegul.IMMISpeedButton2Click
 0001:00037460       TIMMIFormRegul.IMMISpeedButton5Click
 0001:000373BC       TIMMIFormRegul.IMMISpeedButton6Click
 0001:00037250       TIMMIFormRegul.ImmiSyButton1Click
 0001:00037290       TIMMIFormRegul.ImmiSyButton2Click
 0001:00037228       TIMMIFormRegul.ImmiSyButton4Click
 0001:0003723C       TIMMIFormRegul.ImmiSyButton6Click
 0001:000372D0       TIMMIFormRegul.ImmiSyButton8Click
 0001:00025790       TIMMIGo.Create
 0001:000257E8       TIMMIGo.Paint
 0001:000294A4       TIMMIGrid.Create
 0001:00029980       TIMMIGrid.ImmiUpdate
 0001:00029928       TIMMIGrid.KeyPress
 0001:00029760       TIMMIGrid.LoadFromFile
 0001:000295B4       TIMMIGrid.SaveToFile
 0001:00029BC0       TIMMIGrid.SetObject
 0001:000356B0       TIMMIGroupBox.IMMIBlinkOff
 0001:000356B8       TIMMIGroupBox.IMMIBlinkOn
 0001:000356C0       TIMMIGroupBox.IMMIInit
 0001:00035740       TIMMIGroupBox.IMMIUNInit
 0001:0003576C       TIMMIGroupBox.IMMIUpdate
 0001:00010C38       TIMMIImage.Create
 0001:00010CAC       TIMMIImage.ImmiInit
 0001:00010CBC       TIMMIImage.ImmiUnInit
 0001:00010CC8       TIMMIImage.ImmiUpdate
 0001:00010D30       TIMMIImage.SetOffPicture
 0001:00010D20       TIMMIImage.SetOnPicture
 0001:00011588       TIMMIImg.Create
 0001:00011624       TIMMIImg.ImmiInit
 0001:00011714       TIMMIImg.ImmiUnInit
 0001:00011738       TIMMIImg.ImmiUpdate
 0001:000119F4       TIMMIImg.OnMouseDownProc
 0001:00011B1C       TIMMIImg.OnMouseUpProc
 0001:000119EC       TIMMIImg.SetDesigning
 0001:000117F4       TIMMIImg.SetOffPicture
 0001:000117D0       TIMMIImg.SetOnPicture
 0001:00011804       TIMMIImg.ShowPropForm
 0001:00011B4C       TIMMIImg.ShowPropFormMsg
 0001:00011D60       TIMMIImg1.Create
 0001:00011F68       TIMMIImg1.destroy
 0001:00011EFC       TIMMIImg1.ImmiBlinkOff
 0001:00011F08       TIMMIImg1.ImmiBlinkOn
 0001:00011DBC       TIMMIImg1.ImmiInit
 0001:00011DC8       TIMMIImg1.ImmiUnInit
 0001:00011DD4       TIMMIImg1.ImmiUpdate
 0001:00011F14       TIMMIImg1.SetIsOn
 0001:00011E30       TIMMIImg1.ShowPropForm
 0001:00011E74       TIMMIImg1.ShowPropFormMsg
 0001:0003B7B4       TIMMIImg1Editor.ExecuteVerb
 0001:0003B824       TIMMIImg1Editor.GetVerb
 0001:0003B858       TIMMIImg1Editor.GetVerbCount
 0001:0003B718       TIMMIImgEditor.ExecuteVerb
 0001:0003B778       TIMMIImgEditor.GetVerb
 0001:0003B7AC       TIMMIImgEditor.GetVerbCount
 0001:0003D53C       TIMMIImgF.Create
 0001:0003D7A0       TIMMIImgF.destroy
 0001:0003D70C       TIMMIImgF.ImmiBlinkOff
 0001:0003D71C       TIMMIImgF.ImmiBlinkOn
 0001:0003D5B0       TIMMIImgF.ImmiInit
 0001:0003D5C0       TIMMIImgF.ImmiUnInit
 0001:0003D5D0       TIMMIImgF.ImmiUpdate
 0001:0003D72C       TIMMIImgF.SetIsOn
 0001:0003D63C       TIMMIImgF.ShowPropForm
 0001:0003D684       TIMMIImgF.ShowPropFormMsg
 0001:00011294       TIMMIImgForm.Image1Click
 0001:0001122C       TIMMIImgForm.Image2Click
 0001:0000CFF4       TIMMIImgPropertys.Create
 0001:0000D050       TIMMIImgPropertys.Destroy
 0001:0000D08C       TIMMIImgPropertys.SetInvisiblePages
 0001:0000D0A8       TIMMIImgPropertys.ShowPropForm
 0001:0001E814       TIMMILabel.Click
 0001:0001E784       TIMMILabel.Create
 0001:0001EB78       TIMMILabel.Destroy
 0001:0001EAA8       TIMMILabel.GetLabelText
 0001:0001EBA8       TIMMILabel.ImmiInit
 0001:0001EC4C       TIMMILabel.ImmiUnInit
 0001:0001EC58       TIMMILabel.ImmiUpdate
 0001:0001EB1C       TIMMILabel.SetCaption
 0001:0001EAC0       TIMMILabel.SetForm
 0001:0003B544       TIMMILabelEditor.ExecuteVerb
 0001:0003B5A4       TIMMILabelEditor.GetVerb
 0001:0003B5D8       TIMMILabelEditor.GetVerbCount
 0001:0002068C       TIMMILabelFull.Click
 0001:000219A0       TIMMILabelFull.Create
 0001:00021A30       TIMMILabelFull.Destroy
 0001:00021A8C       TIMMILabelFull.ImmiInit
 0001:00021BD4       TIMMILabelFull.ImmiUnInit
 0001:00021C08       TIMMILabelFull.ImmiUpdate
 0001:00020454       TIMMILabelFull.ShowPropForm
 0001:00020604       TIMMILabelFull.ShowPropFormMsg
 0001:00015AC8       TIMMIPanel.IMMIBlinkOff
 0001:00015AD0       TIMMIPanel.IMMIBlinkOn
 0001:00015AD8       TIMMIPanel.IMMIInit
 0001:00015B58       TIMMIPanel.IMMIUNInit
 0001:00015B84       TIMMIPanel.IMMIUpdate
 0001:0000C894       TIMMIPropertys.Create
 0001:0000C904       TIMMIPropertys.Destroy
 0001:0000C980       TIMMIPropertys.ImmiBlinkOff
 0001:0000C994       TIMMIPropertys.ImmiBlinkOn
 0001:0000C9A8       TIMMIPropertys.ImmiInit
 0001:0000CAE0       TIMMIPropertys.ImmiUnInit
 0001:0000CB1C       TIMMIPropertys.ImmiUpdate
 0001:0000CC10       TIMMIPropertys.OnMouseDownProc
 0001:0000CD10       TIMMIPropertys.OnMouseUpProc
 0001:0000CD30       TIMMIPropertys.SetInvisiblePages
 0001:0000CD84       TIMMIPropertys.ShowPropForm
 0001:0000C298       TIMMIPropertysForm.Image1Click
 0001:0000C214       TIMMIPropertysForm.Image2Click
 0001:00037EF8       TIMMIRegul.Click
 0001:00037BC8       TIMMIRegul.Create
 0001:00037C98       TIMMIRegul.Destroy
 0001:00037CE4       TIMMIRegul.ImmiInit
 0001:00037D88       TIMMIRegul.ImmiUnInit
 0001:00037DAC       TIMMIRegul.ImmiUpdate
 0001:00037E28       TIMMIRegul.setBaz_Rg
 0001:00037E58       TIMMIRegul.setison
 0001:00037E88       TIMMIRegul.setisonBr
 0001:00037EB4       TIMMIRegul.setRevers
 0001:000393B0       TIMMIRegul.ShowPropForm
 0001:00039904       TIMMIRegul.ShowPropFormMsg
 0001:0003BA24       TIMMIRegulEditor.ExecuteVerb
 0001:0003BA84       TIMMIRegulEditor.GetVerb
 0001:0003BAB8       TIMMIRegulEditor.GetVerbCount
 0001:0001D7C0       TImmiScope.Create
 0001:0001D988       TImmiScope.Destroy
 0001:0001E2C4       TImmiScope.exprUpdate
 0001:0001E3DC       TImmiScope.FillAbsence
 0001:0001E30C       TImmiScope.FillPerfect
 0001:0001E210       TImmiScope.GetCounpoint
 0001:0001D9EC       TImmiScope.ImmiInit
 0001:0001DF84       TImmiScope.ImmiUnInit
 0001:0001DFD0       TImmiScope.ImmiUpdate
 0001:0001D92C       TImmiScope.SetCaption
 0001:0001E1E0       TImmiScope.setColMinute
 0001:0001E240       TImmiScope.Setexpr
 0001:0001E280       TImmiScope.Setexpr1
 0001:0001D8D0       TImmiScope.SetForm
 0001:0000FE80       TIMMIShape.Create
 0001:0000FEE4       TIMMIShape.ImmiInit
 0001:0000FFA8       TIMMIShape.ImmiUnInit
 0001:0000FFEC       TIMMIShape.ImmiUpdate
 0001:000100BC       TIMMIShape.Paint
 0001:00010690       TIMMIShape.SetFillRec
 0001:00010664       TIMMIShape.SetValue
 0001:000106AC       TIMMIShape.ShowPropForm
 0001:000109EC       TIMMIShape.ShowPropFormMsg
 0001:0003B860       TIMMIShapeEditor.ExecuteVerb
 0001:0003B8B0       TIMMIShapeEditor.GetVerb
 0001:0003B8E4       TIMMIShapeEditor.GetVerbCount
 0001:0003BAC0       TIMMISpeedBtnEditor.ExecuteVerb
 0001:0003BB88       TIMMISpeedBtnEditor.GetVerb
 0001:0003BBBC       TIMMISpeedBtnEditor.GetVerbCount
 0001:00016628       TIMMISpeedButton.Click
 0001:000164F4       TIMMISpeedButton.Create
 0001:00016A30       TIMMISpeedButton.destroy
 0001:00016588       TIMMISpeedButton.ImmiInit
 0001:000165B0       TIMMISpeedButton.ImmiUnInit
 0001:000165BC       TIMMISpeedButton.ImmiUpdate
 0001:0001686C       TIMMISpeedButton.ShowPropForm
 0001:000169A8       TIMMISpeedButton.ShowPropFormMsg
 0001:00022C78       TImmiSyButton.Create
 0001:000230EC       TImmiSyButton.Destroy
 0001:00022CF8       TImmiSyButton.ImmiInit
 0001:00022D08       TImmiSyButton.ImmiUnInit
 0001:00022D14       TImmiSyButton.ImmiUpdate
 0001:00022D38       TImmiSyButton.OnMouseDownProc
 0001:00022F5C       TImmiSyButton.ShowPropForm
 0001:00023064       TImmiSyButton.ShowPropFormMsg
 0001:0000D600       TIMMITrackBar.Create
 0001:0000D684       TIMMITrackBar.ImmiInit
 0001:0000D694       TIMMITrackBar.ImmiUnInit
 0001:0000D6A0       TIMMITrackBar.ImmiUpdate
 0001:0000D768       TIMMITrackBar.OnChangeProc
 0001:0000D7E4       TIMMITrackBar.ShowPropForm
 0001:0000DA64       TIMMITrackBar.ShowPropFormMsg
 0001:0003B988       TIMMITrackBEditor.ExecuteVerb
 0001:0003B9E8       TIMMITrackBEditor.GetVerb
 0001:0003BA1C       TIMMITrackBEditor.GetVerbCount
 0001:00034F90       TIMMITube.changeConstRaints
 0001:00034C0C       TIMMITube.Create
 0001:00034C84       TIMMITube.Destroy
 0001:00034CCC       TIMMITube.ImmiInit
 0001:00034D58       TIMMITube.ImmiUnInit
 0001:00034D6C       TIMMITube.ImmiUpdate
 0001:00034D94       TIMMITube.Paint
 0001:00034F60       TIMMITube.SetColorsOff
 0001:00034F78       TIMMITube.SetColorsOn
 0001:00035078       TIMMITube.SetIsOn
 0001:00035090       TIMMITube.SetOrient
 0001:000350A8       TIMMITube.SetPresets
 0001:000350C0       TIMMITube.ShowPropForm
 0001:000352A0       TIMMITube.ShowPropFormMsg
 0001:0003BE28       TIMMITubeColor.AllEqual
 0001:0003BD50       TIMMITubeColor.Edit
 0001:0003BD2C       TIMMITubeColor.GetAttributes
 0001:0003BBC4       TIMMITubeEditor.ExecuteVerb
 0001:0003BC3C       TIMMITubeEditor.GetVerb
 0001:0003BC70       TIMMITubeEditor.GetVerbCount
 0001:00034444       TIMMITubeForm.Button3Click
 0001:000344D0       TIMMITubeForm.Button4Click
 0001:0003438C       TIMMITubeForm.FormPaint
 0001:000342C4       TIMMITubeForm.PaintBox1Click
 0001:0003455C       TIMMITubeForm.PaintBox2Click
 0001:00017C0C       TIMMIValueEntry.Click
 0001:00017B94       TIMMIValueEntry.Create
 0001:00017D68       TIMMIValueEntry.Destroy
 0001:00017CC4       TIMMIValueEntry.ImmiInit
 0001:00017D14       TIMMIValueEntry.ImmiUnInit
 0001:00017D2C       TIMMIValueEntry.Paint
 0001:00017D20       TIMMIValueEntry.ShowPropForm
 0001:00017D98       TIMMIValueEntry.ShowPropFormMsg
 0001:0003BC78       TIMMIValueEntryEditor.ExecuteVerb
 0001:0003BCF0       TIMMIValueEntryEditor.GetVerb
 0001:0003BD24       TIMMIValueEntryEditor.GetVerbCount
 0001:0000B928       TImmiValueEntryFrm.Button10Click
 0001:0000B940       TImmiValueEntryFrm.Button11Click
 0001:0000B970       TImmiValueEntryFrm.Button12Click
 0001:0000B958       TImmiValueEntryFrm.Button13Click
 0001:0000BA58       TImmiValueEntryFrm.Button14Click
 0001:0000BAD4       TImmiValueEntryFrm.Button15Click
 0001:0000BB5C       TImmiValueEntryFrm.Button1Click
 0001:0000BCF0       TImmiValueEntryFrm.Button2Click
 0001:0000B880       TImmiValueEntryFrm.Button3Click
 0001:0000B898       TImmiValueEntryFrm.Button4Click
 0001:0000B8B0       TImmiValueEntryFrm.Button5Click
 0001:0000B8C8       TImmiValueEntryFrm.Button6Click
 0001:0000B8E0       TImmiValueEntryFrm.Button7Click
[...]
   564 0001:0003C13C   565 0001:0003C153   566 0001:0003C157   567 0001:0003C16B
   568 0001:0003C17D   570 0001:0003C1AC   573 0001:0003C1B4   574 0001:0003C1BA
   575 0001:0003C1BF   577 0001:0003C1CB   581 0001:0003C1E8   582 0001:0003C1ED
   586 0001:0003C1F0   587 0001:0003C1F4   588 0001:0003C1F6   589 0001:0003C1FE
   590 0001:0003C203   589 0001:0003C20E   591 0001:0003C213   592 0001:0003C21B
   593 0001:0003C21F   598 0001:0003C224   599 0001:0003C246   600 0001:0003C24A
   601 0001:0003C25C   602 0001:0003C279   603 0001:0003C295   602 0001:0003C2BF
   604 0001:0003C2C4   605 0001:0003C2DD   606 0001:0003C2F9   605 0001:0003C323
   607 0001:0003C328   608 0001:0003C32F   609 0001:0003C358   614 0001:0003C360
   615 0001:0003C366   624 0001:0003C3C8   625 0001:0003C3D8   626 0001:0003C3E8
   627 0001:0003C3F8   628 0001:0003C408   629 0001:0003C418   630 0001:0003C428
   631 0001:0003C438   634 0001:0003C482   635 0001:0003C492   636 0001:0003C4A2
   637 0001:0003C4B2   638 0001:0003C4C2   639 0001:0003C4D2   640 0001:0003C4E2
   641 0001:0003C4F2   642 0001:0003C502   643 0001:0003C51A   644 0001:0003C532
   645 0001:0003C54A   646 0001:0003C561   647 0001:0003C578   648 0001:0003C588
   650 0001:0003C600   650 0001:0003C607

Line numbers for TrackBarDouble(TrackBarDouble.pas) segment .text

    46 0001:0003C7CC    47 0001:0003C7D0    48 0001:0003C7E7    53 0001:0003C7FC
    54 0001:0003C80B    55 0001:0003C817    57 0001:0003C892    58 0001:0003C90B
    61 0001:0003C914    62 0001:0003C92F    63 0001:0003C93C    64 0001:0003C946
    65 0001:0003C95E    66 0001:0003C991    69 0001:0003C998    70 0001:0003C9A7
    71 0001:0003C9BB    72 0001:0003C9C8    73 0001:0003C9DA    74 0001:0003C9F2
    75 0001:0003CA0A    76 0001:0003CA22    79 0001:0003CA28    80 0001:0003CA37
    81 0001:0003CA44    82 0001:0003CA51    85 0001:0003CA58    86 0001:0003CA61
    87 0001:0003CA70    90 0001:0003CA74    92 0001:0003CA80    93 0001:0003CA8E
    94 0001:0003CA9B    95 0001:0003CAAC    96 0001:0003CAC7    99 0001:0003CACC
   100 0001:0003CAD9   102 0001:0003CAFB   104 0001:0003CB1D   105 0001:0003CB2B
   106 0001:0003CB38   107 0001:0003CB46   108 0001:0003CB57   109 0001:0003CB71
   110 0001:0003CB90   114 0001:0003CB98   115 0001:0003CBA7   116 0001:0003CBBE
   123 0001:0003CBC4   124 0001:0003CBD3   126 0001:0003CBE5   127 0001:0003CC1C
   128 0001:0003CC28   130 0001:0003CCA6   131 0001:0003CD22   133 0001:0003CD4E
   137 0001:0003CD58   138 0001:0003CD67   139 0001:0003CD72   142 0001:0003CD78
   143 0001:0003CD81   144 0001:0003CD90   148 0001:0003CD94   149 0001:0003CDA0
   150 0001:0003CDAB   152 0001:0003CDB7   153 0001:0003CDCF   157 0001:0003CDE9
   158 0001:0003CE01   161 0001:0003CE19   162 0001:0003CE34   163 0001:0003CE4E
   165 0001:0003CE84   165 0001:0003CE8B

Line numbers for TClockU(TClockU.pas) segment .text

    41 0001:0003D058    42 0001:0003D06F    44 0001:0003D078    45 0001:0003D08E
    46 0001:0003D09A    47 0001:0003D0C4    50 0001:0003D0CC    51 0001:0003D0DA
    52 0001:0003D0E5    53 0001:0003D0FC    56 0001:0003D100    57 0001:0003D116
    58 0001:0003D151    61 0001:0003D158    62 0001:0003D15B    63 0001:0003D165
    64 0001:0003D172    65 0001:0003D17A    66 0001:0003D187    69 0001:0003D18C
    70 0001:0003D190    71 0001:0003D1A7    73 0001:0003D1EC    73 0001:0003D1F3

Line numbers for IMMIImgf(IMMIImgf.pas) segment .text

    65 0001:0003D490    66 0001:0003D4A5    67 0001:0003D4AE    68 0001:0003D4BD
    69 0001:0003D4CC    70 0001:0003D4F2    73 0001:0003D4F8    74 0001:0003D506
    75 0001:0003D50E    76 0001:0003D516    77 0001:0003D51E    78 0001:0003D535
    81 0001:0003D53C    82 0001:0003D551    83 0001:0003D55A    84 0001:0003D56E
    85 0001:0003D577    86 0001:0003D57E    89 0001:0003D5A9    92 0001:0003D5B0
    93 0001:0003D5B3    95 0001:0003D5BE    98 0001:0003D5C0    99 0001:0003D5C3
   101 0001:0003D5CE   104 0001:0003D5D0   105 0001:0003D5D6   107 0001:0003D5E1
   108 0001:0003D5F5   111 0001:0003D600   112 0001:0003D609   114 0001:0003D62A
   115 0001:0003D638   118 0001:0003D63C   119 0001:0003D643   120 0001:0003D64E
   122 0001:0003D65E   123 0001:0003D66B   125 0001:0003D67E   128 0001:0003D684
   129 0001:0003D690   130 0001:0003D69A   131 0001:0003D6A2   132 0001:0003D6B0
   136 0001:0003D6D5   137 0001:0003D6EA   140 0001:0003D700   143 0001:0003D70C
   144 0001:0003D70F   145 0001:0003D71A   148 0001:0003D71C   149 0001:0003D71F
   150 0001:0003D72A   154 0001:0003D72C   155 0001:0003D732   157 0001:0003D73A
   158 0001:0003D742   160 0001:0003D746   161 0001:0003D75D   165 0001:0003D76D
   166 0001:0003D784   168 0001:0003D792   170 0001:0003D79C   173 0001:0003D7A0
   174 0001:0003D7AE   175 0001:0003D7B9   176 0001:0003D7C4   177 0001:0003D7DB
   180 0001:0003D7E0   181 0001:0003D7E4   182 0001:0003D7FB   184 0001:0003D840
   184 0001:0003D847

Line numbers for ImmiButton(ImmiButton.pas) segment .text

    46 0001:0003DA00    47 0001:0003DA15    48 0001:0003DA1E    50 0001:0003DA2E
    51 0001:0003DA40    52 0001:0003DA4B    53 0001:0003DA5D    54 0001:0003DA7D
    57 0001:0003DA84    58 0001:0003DA87    59 0001:0003DA95    62 0001:0003DA98
    63 0001:0003DA9B    64 0001:0003DAA6    67 0001:0003DAA8    68 0001:0003DAAE
    69 0001:0003DAB9    70 0001:0003DACC    74 0001:0003DAD0    75 0001:0003DAD7
    77 0001:0003DAEE    78 0001:0003DB16    79 0001:0003DB27    81 0001:0003DB2C
    83 0001:0003DB3B    84 0001:0003DB5B    88 0001:0003DB6F    90 0001:0003DB7E
    91 0001:0003DB97    95 0001:0003DBA7    96 0001:0003DBC7    97 0001:0003DBE5
    98 0001:0003DC0A    99 0001:0003DC1E   100 0001:0003DC43   101 0001:0003DC63
   102 0001:0003DC7F   103 0001:0003DCA3   105 0001:0003DCB2   110 0001:0003DCF4
   111 0001:0003DD1A   112 0001:0003DD2A   113 0001:0003DD49   115 0001:0003DD60
   116 0001:0003DD6D   117 0001:0003DDA5   119 0001:0003DDBC   121 0001:0003DDC5
   123 0001:0003DDF4   126 0001:0003DDFC   127 0001:0003DE08   128 0001:0003DE12
   129 0001:0003DE1A   130 0001:0003DE28   134 0001:0003DE4D   135 0001:0003DE62
   138 0001:0003DE78   141 0001:0003DE84   143 0001:0003DE92   144 0001:0003DE9D
   145 0001:0003DEB4   147 0001:0003DEE8   147 0001:0003DEEF

Line numbers for FloatEdits(FloatEdits.pas) segment .text

   151 0001:0003E720   152 0001:0003E737   153 0001:0003E740   154 0001:0003E748
   155 0001:0003E74F   156 0001:0003E763   157 0001:0003E76D   158 0001:0003E774
   159 0001:0003E77B   160 0001:0003E782   161 0001:0003E78C   162 0001:0003E798
   163 0001:0003E7A4   164 0001:0003E7B2   165 0001:0003E7BD   166 0001:0003E7C6
   167 0001:0003E7D0   168 0001:0003E7E0   169 0001:0003E7E8   170 0001:0003E7EF
   171 0001:0003E7FB   172 0001:0003E802   173 0001:0003E822   176 0001:0003E82C
   177 0001:0003E837   178 0001:0003E842   179 0001:0003E849   180 0001:0003E860
   184 0001:0003E864   185 0001:0003E869   189 0001:0003E86C   190 0001:0003E871
   193 0001:0003E874   194 0001:0003E877   195 0001:0003E885   196 0001:0003E88C
   201 0001:0003E890   202 0001:0003E896   203 0001:0003E89C   205 0001:0003E8AB
   206 0001:0003E8C0   208 0001:0003E8D4   213 0001:0003E8DC   214 0001:0003E8FF
   215 0001:0003E909   216 0001:0003E942   224 0001:0003E94C   225 0001:0003E976
   226 0001:0003E980   228 0001:0003E986   229 0001:0003E991   230 0001:0003E99C
   232 0001:0003E9B9   233 0001:0003E9C7   234 0001:0003E9D6   236 0001:0003E9EE
   237 0001:0003E9FD   239 0001:0003EA13   240 0001:0003EA36   243 0001:0003EA42
   244 0001:0003EA55   245 0001:0003EA6A   247 0001:0003EA91   249 0001:0003EAA0
   250 0001:0003EAAD   251 0001:0003EAFC   254 0001:0003EB06   255 0001:0003EB13
   256 0001:0003EB1D   257 0001:0003EB26   258 0001:0003EB4F   259 0001:0003EB6B
   260 0001:0003EB92   261 0001:0003EB9D   264 0001:0003EBC4   265 0001:0003EBD1
   267 0001:0003EBD7   268 0001:0003EBE4   269 0001:0003EC41   270 0001:0003EC4B
   271 0001:0003ECB6   272 0001:0003ECC3   273 0001:0003ED2D   274 0001:0003ED3A
   276 0001:0003ED9A   277 0001:0003EDEB   285 0001:0003EE0C   286 0001:0003EE2F
   287 0001:0003EE39   288 0001:0003EE3E   289 0001:0003EE48   291 0001:0003EE4A
   293 0001:0003EE8C   294 0001:0003EE90   295 0001:0003EED4   296 0001:0003EEE3
   298 0001:0003EEEA   300 0001:0003EEFC   301 0001:0003EF00   302 0001:0003EF53
   303 0001:0003EF61   304 0001:0003EFAC   306 0001:0003EFAE   308 0001:0003EFF9
   309 0001:0003EFFD   310 0001:0003F054   311 0001:0003F063   313 0001:0003F065
   315 0001:0003F069   316 0001:0003F07A   319 0001:0003F081   320 0001:0003F090
   321 0001:0003F0B0   322 0001:0003F0C1   323 0001:0003F0E3   324 0001:0003F0F4
   325 0001:0003F12B   328 0001:0003F134   329 0001:0003F137   331 0001:0003F13F
   332 0001:0003F145   333 0001:0003F15E   335 0001:0003F165   338 0001:0003F168
   339 0001:0003F17E   341 0001:0003F186   342 0001:0003F18C   343 0001:0003F1B4
   345 0001:0003F1D8   348 0001:0003F1DC   349 0001:0003F1FC   350 0001:0003F204
   351 0001:0003F238   352 0001:0003F273   353 0001:0003F29C   356 0001:0003F2A4
   357 0001:0003F2AA   359 0001:0003F2B2   360 0001:0003F2B8   361 0001:0003F2D4
   362 0001:0003F2DA   364 0001:0003F2E1   367 0001:0003F2E4   368 0001:0003F2E7
   369 0001:0003F2F1   371 0001:0003F2F9   372 0001:0003F2FF   374 0001:0003F306
   379 0001:0003F308   380 0001:0003F327   381 0001:0003F333   382 0001:0003F33A
   383 0001:0003F358   384 0001:0003F364   385 0001:0003F398   391 0001:0003F3A0
   393 0001:0003F3C5   394 0001:0003F3C7   395 0001:0003F3E9   396 0001:0003F3EB
   397 0001:0003F3F7   400 0001:0003F400   401 0001:0003F40B   398 0001:0003F40C
   403 0001:0003F418   405 0001:0003F423   406 0001:0003F425   408 0001:0003F427
   409 0001:0003F42B   410 0001:0003F439   411 0001:0003F444   413 0001:0003F460
   416 0001:0003F486   419 0001:0003F4A8   420 0001:0003F4C7   421 0001:0003F4CF
   422 0001:0003F4DB   423 0001:0003F4F3   424 0001:0003F51F   427 0001:0003F524
   428 0001:0003F541   430 0001:0003F553   431 0001:0003F571   432 0001:0003F583
   433 0001:0003F590   434 0001:0003F5C0   435 0001:0003F5C7   437 0001:0003F5F8
   440 0001:0003F600   441 0001:0003F603   442 0001:0003F619   445 0001:0003F61C
   446 0001:0003F643   447 0001:0003F657   449 0001:0003F665   450 0001:0003F66E
   451 0001:0003F69D   452 0001:0003F6A9   453 0001:0003F6CA   454 0001:0003F6D8
   456 0001:0003F701   459 0001:0003F708   460 0001:0003F70E   462 0001:0003F729
   463 0001:0003F72F   465 0001:0003F736   468 0001:0003F73C   469 0001:0003F742
   471 0001:0003F75D   472 0001:0003F763   473 0001:0003F78B   474 0001:0003F797
   476 0001:0003F79E   479 0001:0003F7A4   480 0001:0003F7A7   481 0001:0003F7C0
   482 0001:0003F7D4   483 0001:0003F7DC   484 0001:0003F7E3   488 0001:0003F7E8
   489 0001:0003F7F6   492 0001:0003F7F8   493 0001:0003F7FB   494 0001:0003F802
   495 0001:0003F809   496 0001:0003F813   497 0001:0003F81C   498 0001:0003F82C
   501 0001:0003F830   502 0001:0003F836   503 0001:0003F83C   504 0001:0003F841
   505 0001:0003F84A   506 0001:0003F853   509 0001:0003F858   510 0001:0003F85B
   511 0001:0003F862   512 0001:0003F869   513 0001:0003F872   514 0001:0003F882
   517 0001:0003F884   518 0001:0003F88A   519 0001:0003F890   520 0001:0003F895
   521 0001:0003F89C   522 0001:0003F8A5   527 0001:0003F8A8   528 0001:0003F8AC
   529 0001:0003F8B2   530 0001:0003F8C1   531 0001:0003F8D0   532 0001:0003F8DD
   542 0001:0003F8E4   543 0001:0003F908   544 0001:0003F912   545 0001:0003F916
   547 0001:0003F9AF   549 0001:0003F9BC   550 0001:0003F9DB   551 0001:0003F9F7
   552 0001:0003FA05   553 0001:0003FA11   554 0001:0003FA33   555 0001:0003FA3D
   556 0001:0003FA59   559 0001:0003FA7A   561 0001:0003FA87   563 0001:0003FA90
   564 0001:0003FA9E   565 0001:0003FB0C   566 0001:0003FB1F   570 0001:0003FB40
   572 0001:0003FB54   574 0001:0003FB6A   577 0001:0003FB78   579 0001:0003FB8C
   581 0001:0003FBB3   583 0001:0003FBCC   585 0001:0003FBD9   586 0001:0003FBE2
   589 0001:0003FC53   591 0001:0003FC67   592 0001:0003FC79   593 0001:0003FC80
   594 0001:0003FC87   595 0001:0003FC93   596 0001:0003FCA6   597 0001:0003FCAD
   598 0001:0003FCB4   600 0001:0003FCC0   601 0001:0003FD35   602 0001:0003FD42
   604 0001:0003FD4B   607 0001:0003FD6C   608 0001:0003FD7A   609 0001:0003FD9B
   612 0001:0003FDBC   613 0001:0003FDC5   617 0001:0003FDDD   618 0001:0003FDEB
   620 0001:0003FE0C   622 0001:0003FE1C   623 0001:0003FE25   626 0001:0003FE3D
   627 0001:0003FE44   631 0001:0003FE5C   633 0001:0003FE74   634 0001:0003FE87
   636 0001:0003FEA8   638 0001:0003FEC0   639 0001:0003FED2   640 0001:0003FED9
   641 0001:0003FEE0   642 0001:0003FEEC   643 0001:0003FEFF   644 0001:0003FF06
   645 0001:0003FF0D   646 0001:0003FF19   648 0001:0003FF3A   650 0001:0003FF52
   651 0001:0003FF65   652 0001:0003FF78   655 0001:0003FF99   656 0001:0003FFAD
   658 0001:0003FFB6   659 0001:0003FFD2   660 0001:0003FFE3   661 0001:0003FFEE
   662 0001:0003FFFB   664 0001:00040003   666 0001:0004001B   668 0001:00040024
   669 0001:00040036   670 0001:0004003D   671 0001:00040049   672 0001:0004005C
   673 0001:00040063   674 0001:0004006F   676 0001:00040078   677 0001:00040089
   678 0001:00040095   679 0001:000400A0   680 0001:000400A9   681 0001:0004011E
   682 0001:00040135   684 0001:00040148   686 0001:00040162   687 0001:00040179
   689 0001:00040182   690 0001:000401B9   691 0001:000401F7   696 0001:00040208
   697 0001:00040227   698 0001:00040231   700 0001:0004023C   701 0001:00040243
   702 0001:0004024D   703 0001:00040254   705 0001:0004025D   706 0001:00040264
   707 0001:000402A5   708 0001:00040311   709 0001:00040332   710 0001:00040372
   713 0001:0004037C   714 0001:0004037F   715 0001:00040386   716 0001:00040396
   719 0001:00040398   720 0001:0004039E   721 0001:000403A7   722 0001:000403BE
   724 0001:000403C4   725 0001:000403CD   726 0001:000403D4   727 0001:000403DA
   729 0001:000403ED   732 0001:000403F0   733 0001:000403F3   734 0001:000403FA
   735 0001:00040401   736 0001:0004040F   740 0001:00040414   741 0001:00040419
   742 0001:00040427   751 0001:00040428   752 0001:0004043A   753 0001:00040443
   754 0001:00040447   755 0001:0004044E   756 0001:0004046C   759 0001:00040470
   760 0001:00040471   761 0001:00040482   765 0001:00040484   766 0001:00040489
   768 0001:0004048E   769 0001:00040491   771 0001:00040496   775 0001:00040498
   776 0001:000404A1   777 0001:000404AF   779 0001:000404BC   783 0001:000404C0
   784 0001:000404C1   785 0001:000404D7   787 0001:00040520   787 0001:00040527

Line numbers for IMMIAlarmActive(IMMIAlarmActive.pas) segment .text

    47 0001:0004076C    48 0001:0004076D    49 0001:00040783    56 0001:00040798
    58 0001:000407B6    60 0001:000407CE    61 0001:000407E0    62 0001:00040807
    63 0001:00040831    64 0001:0004084D    66 0001:0004085C    67 0001:0004086E
    68 0001:00040886    69 0001:00040898    72 0001:000408B2    73 0001:000408C4
    74 0001:000408DC    75 0001:000408EE    77 0001:00040906    60 0001:00040907
    79 0001:00040910    80 0001:00040923    81 0001:00040931    82 0001:00040942
    83 0001:00040953    79 0001:00040954    85 0001:00040959    86 0001:00040977
    87 0001:00040989    88 0001:00040995    89 0001:000409BE    92 0001:000409C8
    93 0001:000409DA    94 0001:000409E3    95 0001:000409F7    96 0001:00040A09
    97 0001:00040A16    98 0001:00040A26    99 0001:00040A39   100 0001:00040A4C
   101 0001:00040A55   102 0001:00040A61   103 0001:00040A72   104 0001:00040A7E
   105 0001:00040A94   106 0001:00040AA0   107 0001:00040AB0   108 0001:00040ABD
   109 0001:00040AD3   110 0001:00040ADD   111 0001:00040AE7   112 0001:00040AF8
   114 0001:00040B02   115 0001:00040B18   117 0001:00040B40   121 0001:00040B88
   122 0001:00040B8E   123 0001:00040B9A   124 0001:00040BA6   125 0001:00040BB1
   128 0001:00040BB8   129 0001:00040BBB   130 0001:00040BCF   131 0001:00040BE0
   132 0001:00040C16   133 0001:00040C21   136 0001:00040C24   137 0001:00040C2A
   138 0001:00040C33   139 0001:00040C3C   143 0001:00040C40   144 0001:00040C4E
   148 0001:00040C50   149 0001:00040C5B   153 0001:00040C5C   154 0001:00040C67
   157 0001:00040C68   158 0001:00040C73   159 0001:00040C7E   161 0001:00040C89
   162 0001:00040CA0   164 0001:00040CD4   164 0001:00040CDB

Line numbers for frmShowTegsU(..\Units\frmShowTegsU.pas) segment .text

    28 0001:00040ED4    28 0001:00040EDB

Line numbers for MessageScreen(MessageScreen.pas) segment .text

    69 0001:000411F8    70 0001:0004120D    71 0001:00041216    72 0001:0004121A
    73 0001:00041229    74 0001:00041238    75 0001:0004125E    78 0001:00041264
    79 0001:00041272    80 0001:0004127C    81 0001:00041286    82 0001:00041290
    83 0001:000412A7    87 0001:000412AC    88 0001:000412CA    89 0001:000412CE
    90 0001:000412ED    91 0001:00041309    90 0001:00041325    92 0001:0004132A
    94 0001:0004134F    98 0001:00041358    99 0001:00041360   100 0001:00041364
   101 0001:0004137F   100 0001:0004138F   104 0001:00041392   110 0001:00041398
   111 0001:000413B6   112 0001:000413BB   113 0001:000413BF   114 0001:000413C7
   116 0001:000413E7   117 0001:000413F6   119 0001:00041405   120 0001:00041410
   121 0001:0004143B   122 0001:00041461   124 0001:00041465   114 0001:00041466
   126 0001:00041499   129 0001:000414AC   130 0001:000414C1   131 0001:000414CA
   132 0001:000414F3   135 0001:000414F8   136 0001:00041506   137 0001:00041513
   138 0001:0004152A   142 0001:00041530   143 0001:00041533   145 0001:0004153E
   148 0001:00041540   149 0001:00041543   151 0001:0004154E   155 0001:00041550
   158 0001:00041556   160 0001:0004155F   161 0001:0004156B   162 0001:00041576
   164 0001:0004157F   166 0001:0004158A   167 0001:0004159A   172 0001:000415A0
   176 0001:000415A4   177 0001:000415A8   178 0001:000415BF   180 0001:00041604
   180 0001:0004160B

Line numbers for imitsh(imitsh.pas) segment .text

    41 0001:00041730    42 0001:00041747    43 0001:00041750    44 0001:00041762
    45 0001:00041778    46 0001:00041784    47 0001:0004179B    48 0001:000417AE
    49 0001:000417B8    50 0001:000417C4    51 0001:000417E9    54 0001:000417F0
    55 0001:000417FE    56 0001:00041809    57 0001:00041820    66 0001:00041824
    67 0001:00041840    68 0001:00041850    69 0001:00041884    71 0001:000418D4
    74 0001:000418E8    75 0001:000418EC    76 0001:00041903    78 0001:00041948
    78 0001:0004194F

Line numbers for MyComponent3(E:\Работа\IMMI\programs\VCL\MyComponent3.dpk) segment .text

   179 0001:00041FE0

Bound resource files

IMMIEditEditorU.dfm
IMMILabelEditorU.dfm
IMMIValueEntryFrmU.DFM
IMMIPropertysEditorU.dfm
IMMITrackBEditorU.dfm
IMMISpeedBtnEditor.dfm
..\units\LoginError.dfm
..\units\sRegistrationForm.dfm
IMMIShapeEditorU.dfm
IMMIImgEditorU.dfm
dxCore.res
..\units\QueryForm.dfm
..\units\DataGraphcModul.dfm
..\units\IMMIFormU.DFM
..\units\IMMIAnalogPropU.DFM
..\units\AnalogpropGraphic.dfm
IMMIAlTrgEditorU.dfm
..\units\SwitchKnobFormU.DFM
..\units\Switch2FormU.DFM
IMMIArmatVlEditorU.dfm
IMMIArmatBMEditorU.dfm
..\VCL\PLCComPort\CommForm.DFM
..\VCL\PLCComPort\MyCommFrm.DFM
UnitExpr.dfm
ImitEditFrm.dfm
IMMITubeEditorU.dfm
IMMIRegulEditF.DFM
..\units\frmRegSetupU.dfm
..\units\IMMIRegulU.DFM
PropTubeColorU.dfm
RedacOCForm.dfm
FloatEdit.dcr
..\units\frmShowTegsU.dfm
MyComponent3.res
IMMIAlarmTriangle.dcr
IMMIShape.dcr
IMMIPanel.dcr
IMMIAlarmActive.dcr
IMMISpeedbutton.dcr
IMMIArmatCtrl.dcr
IMMIArmatVl.dcr
IMMItrackbar.dcr
IMMIEditreal.dcr
IMMIGoU.dcr
IMMIArmatBm.dcr
IMMIGroupBox.dcr
Trackbardouble.dcr
IMMIArmatura.dcr
IMMIColorLabelU.dcr
IMMIbitbtn.dcr
IMMIRegul.dcr
Ruler.dcr
PLCComPort\Comms.dcr
IMMIImage.dcr
SYButton.dcr
immiSYButton.dcr
immiButtonxp.dcr
immivalueentry.dcr
immiLabelfull.dcr
immitube.dcr
immigrid.dcr
colordbgrid.dcr
immiformx.dcr
ImmiScope.dcr
COLORSTRINGGRID.dcr
AVPR.dcr
messagescreen.dcr
immilabel.dcr
immiimg1.dcr
MyComponent3.drf


Program entry point at 0001:00041FE0
